###############################################################################
#
# IAR ELF Linker V8.32.2.178/W32 for ARM                  01/Mar/2019  14:14:37
# Copyright 2007-2018 IAR Systems AB.
#
#    Output file  =  
#        C:\Users\Administrator\Desktop\Embeded\Projects\March
#        2\Debug\Exe\hello.out
#    Map file     =  
#        C:\Users\Administrator\Desktop\Embeded\Projects\March
#        2\Debug\List\hello.map
#    Command line =  
#        -f C:\Users\ADMINI~1\AppData\Local\Temp\EW22E9.tmp
#        ("C:\Users\Administrator\Desktop\Embeded\Projects\March
#        2\Debug\Obj\main.o" --no_out_extension -o
#        "C:\Users\Administrator\Desktop\Embeded\Projects\March
#        2\Debug\Exe\hello.out" --redirect _Printf=_PrintfFullNoMb --redirect
#        _Scanf=_ScanfFullNoMb --map
#        "C:\Users\Administrator\Desktop\Embeded\Projects\March
#        2\Debug\List\hello.map" --config "C:\Program Files (x86)\IAR
#        Systems\Embedded Workbench 8.2_2\arm\CONFIG\generic_cortex.icf"
#        --semihosting --entry __iar_program_start --vfe --text_out locale)
#
###############################################################################

*******************************************************************************
*** RUNTIME MODEL ATTRIBUTES
***

CppFlavor                     = *
__CPP_Exceptions              = Disabled
__CPP_Language                = C++14
__Heap_Handler                = DLMalloc
__SystemLibrary               = DLib
__dlib_dynamic_initialization = normal
__dlib_version                = 6


*******************************************************************************
*** HEAP SELECTION
***

The advanced heap was selected because the application calls memory
allocation functions outside of system library functions, and there
are calls to deallocation functions in the application.


*******************************************************************************
*** PLACEMENT SUMMARY
***

"A0":  place at 0x0 { ro section .intvec };
"P1":  place in [from 0x0 to 0x7'ffff] { ro };
define block CSTACK with size = 1K, alignment = 8 { };
define block PROC_STACK with size = 0M, alignment = 8 { };
define block HEAP with size = 2K, alignment = 8 { };
"P2":  place in [from 0x2000'0000 to 0x2000'ffff] {
          rw, block CSTACK, block PROC_STACK, block HEAP };
initialize by copy { rw };

  Section                Kind         Address    Size  Object
  -------                ----         -------    ----  ------
"A0":                                            0x40
  .intvec                ro code          0x0    0x40  vector_table_M.o [5]
                                       - 0x40    0x40

"P1":                                          0x4cb0
  .text                  ro code         0x40  0x14e0  dlmalloc.o [2]
  .text                  ro code       0x1520     0x6  abort.o [2]
  .text                  ro code       0x1526    0x3a  zero_init3.o [5]
  .text                  ro code       0x1560    0x2c  xgetmemchunk.o [2]
  .text                  ro code       0x158c    0x14  exit.o [6]
  .text                  ro code       0x15a0    0x80  iarttio.o [6]
  .text                  ro code       0x1620    0x3c  XShttio.o [2]
  .text                  ro code       0x165c   0xdf2  xprintffull_nomb.o [2]
  .text                  ro code       0x244e     0xa  xsprout.o [2]
  .text                  ro code       0x2458    0x16  strchr.o [5]
  .text                  ro code       0x246e     0x6  iostream_cout.o [3]
  .text                  ro code       0x2474    0x40  xfail_s.o [2]
  .text                  ro code       0x24b4    0x36  strlen.o [5]
  .text                  ro code       0x24ea     0x2  iostream_cout.o [3]
  .text                  ro code       0x24ec    0x58  memchr.o [5]
  .text                  ro code       0x2544   0x230  I64DivMod.o [5]
  .text                  ro code       0x2774   0x1a2  DblMul.o [4]
  .text                  ro code       0x2916     0x2  iostream_cout.o [3]
  .text                  ro code       0x2918    0x76  ABImemcpy_unaligned.o [5]
  .text                  ro code       0x298e     0x2  vector_table_M.o [5]
  .text                  ro code       0x2990    0x70  frexp.o [4]
  .text                  ro code       0x2a00    0x2e  DblCmpLe.o [4]
  .rodata                const         0x2a2e     0x1  main.o [1]
  .rodata                const         0x2a2f     0x1  main.o [1]
  .text                  ro code       0x2a30    0x2e  DblCmpGe.o [4]
  .rodata                const         0x2a5e     0x1  main.o [1]
  .rodata                const         0x2a5f     0x1  unwind_debug.o [6]
  .text                  ro code       0x2a60   0x13a  ldexp.o [4]
  .text                  ro code       0x2b9c    0x3a  DblToS32.o [4]
  .text                  ro code       0x2bd8    0x22  S32ToDbl.o [4]
  .text                  ro code       0x2bfc    0xe2  DblSub.o [4]
  .text                  ro code       0x2ce0   0x246  DblDiv.o [4]
  .text                  ro code       0x2f28    0x28  DblToU32.o [4]
  .text                  ro code       0x2f50    0x1a  U32ToDbl.o [4]
  .text                  ro code       0x2f6c     0x2  I64DivZer.o [5]
  .text                  ro code       0x2f70   0x16a  DblAdd.o [4]
  .text                  ro code       0x30da   0x234  main.o [1]
  .text                  ro code       0x330e     0x4  main.o [1]
  .text                  ro code       0x3312     0x6  main.o [1]
  .text                  ro code       0x3318    0x20  main.o [1]
  .text                  ro code       0x3338    0x2a  main.o [1]
  .text                  ro code       0x3362     0xc  main.o [1]
  .text                  ro code       0x336e    0x12  main.o [1]
  .text                  ro code       0x3380    0x30  main.o [1]
  .text                  ro code       0x33b0     0xa  main.o [1]
  .text                  ro code       0x33ba     0xc  main.o [1]
  .text                  ro code       0x33c6     0xa  main.o [1]
  .text                  ro code       0x33d0    0x96  main.o [1]
  .text                  ro code       0x3466     0xa  main.o [1]
  .text                  ro code       0x3470     0x4  main.o [1]
  .text                  ro code       0x3474    0x2e  main.o [1]
  .text                  ro code       0x34a2    0x2e  main.o [1]
  .text                  ro code       0x34d0     0x8  main.o [1]
  .text                  ro code       0x34d8    0x12  main.o [1]
  .text                  ro code       0x34ec    0x18  main.o [1]
  .text                  ro code       0x3504     0x8  main.o [1]
  .text                  ro code       0x350c    0x7a  main.o [1]
  .text                  ro code       0x3586    0x3a  main.o [1]
  .text                  ro code       0x35c0     0xc  main.o [1]
  .text                  ro code       0x35cc    0x18  main.o [1]
  .text                  ro code       0x35e4     0xa  cxxabi.o [3]
  .text                  ro code       0x35ee     0xc  main.o [1]
  .text                  ro code       0x35fa     0xa  main.o [1]
  .text                  ro code       0x3604    0x7a  main.o [1]
  .text                  ro code       0x367e    0x12  main.o [1]
  .text                  ro code       0x3690    0x2a  main.o [1]
  .text                  ro code       0x36ba    0x28  main.o [1]
  .text                  ro code       0x36e2     0xa  main.o [1]
  .text                  ro code       0x36ec     0x2  main.o [1]
  .text                  ro code       0x36ee    0x2e  main.o [1]
  .text                  ro code       0x371c     0x2  main.o [1]
  .text                  ro code       0x371e     0x8  main.o [1]
  .text                  ro code       0x3728    0x18  main.o [1]
  .text                  ro code       0x3740     0xa  main.o [1]
  .text                  ro code       0x374a     0x8  main.o [1]
  .text                  ro code       0x3752     0x8  main.o [1]
  .text                  ro code       0x375a     0x8  main.o [1]
  .text                  ro code       0x3762     0x8  main.o [1]
  .text                  ro code       0x376a    0x12  main.o [1]
  .text                  ro code       0x377c     0x8  main.o [1]
  .text                  ro code       0x3784     0x8  main.o [1]
  .text                  ro code       0x378c    0x12  main.o [1]
  .text                  ro code       0x379e     0x8  main.o [1]
  .text                  ro code       0x37a8    0xa0  cppinit.o [2]
  .text                  ro code       0x3848     0x8  main.o [1]
  .text                  ro code       0x3850    0x12  main.o [1]
  .text                  ro code       0x3862    0x18  main.o [1]
  .text                  ro code       0x387a    0xd6  main.o [1]
  .text                  ro code       0x3950    0x78  ABImemmove_unaligned.o [5]
  .text                  ro code       0x39c8     0x6  main.o [1]
  .text                  ro code       0x39ce    0x10  main.o [1]
  .text                  ro code       0x39de    0x32  main.o [1]
  .text                  ro code       0x3a10    0x12  main.o [1]
  .text                  ro code       0x3a24     0xc  main.o [1]
  .text                  ro code       0x3a30    0x1c  main.o [1]
  .text                  ro code       0x3a4c     0x2  main.o [1]
  .text                  ro code       0x3a4e     0x8  main.o [1]
  .text                  ro code       0x3a56     0x2  main.o [1]
  .text                  ro code       0x3a58     0xc  main.o [1]
  .text                  ro code       0x3a64     0x2  main.o [1]
  .text                  ro code       0x3a68    0x28  main.o [1]
  .text                  ro code       0x3a90     0x2  main.o [1]
  .text                  ro code       0x3a92     0x8  main.o [1]
  .text                  ro code       0x3a9a     0x8  main.o [1]
  .text                  ro code       0x3aa2     0x8  main.o [1]
  .text                  ro code       0x3aaa     0x2  main.o [1]
  .text                  ro code       0x3aac    0x18  main.o [1]
  .text                  ro code       0x3ac4    0x66  ABImemset.o [5]
  .text                  ro code       0x3b2a    0x18  main.o [1]
  .text                  ro code       0x3b42     0xe  main.o [1]
  .text                  ro code       0x3b50     0x4  main.o [1]
  .text                  ro code       0x3b54     0x2  main.o [1]
  .text                  ro code       0x3b56     0x8  main.o [1]
  .text                  ro code       0x3b5e     0xa  main.o [1]
  .text                  ro code       0x3b68     0x2  main.o [1]
  .text                  ro code       0x3b6a     0x8  main.o [1]
  .text                  ro code       0x3b74    0x70  main.o [1]
  .text                  ro code       0x3be4     0x4  main.o [1]
  .text                  ro code       0x3be8     0x2  main.o [1]
  .text                  ro code       0x3bea     0x8  main.o [1]
  .text                  ro code       0x3bf2     0xe  main.o [1]
  .text                  ro code       0x3c00     0x2  main.o [1]
  .text                  ro code       0x3c02    0x18  main.o [1]
  .text                  ro code       0x3c1a     0x2  main.o [1]
  .text                  ro code       0x3c1c     0xa  delop_0.o [3]
  .text                  ro code       0x3c26    0x34  main.o [1]
  .text                  ro code       0x3c5a    0x1a  main.o [1]
  .text                  ro code       0x3c74     0x6  main.o [1]
  .text                  ro code       0x3c7a    0x12  main.o [1]
  .text                  ro code       0x3c8c    0x20  main.o [1]
  .text                  ro code       0x3cac     0x4  heaptramp0.o [2]
  .text                  ro code       0x3cb0    0x24  newop_0.o [3]
  .text                  ro code       0x3cd4     0x4  main.o [1]
  .text                  ro code       0x3cd8     0x4  nomemory.o [3]
  .text                  ro code       0x3cdc   0x104  ios.o [3]
  .text                  ro code       0x3de0     0x4  delop4_0.o [3]
  .text                  ro code       0x3de4    0xa6  main.o [1]
  .text                  ro code       0x3e8a    0x72  main.o [1]
  .text                  ro code       0x3efc     0x4  main.o [1]
  .text                  ro code       0x3f00    0x20  main.o [1]
  .text                  ro code       0x3f20     0x6  main.o [1]
  .text                  ro code       0x3f26     0x4  main.o [1]
  .text                  ro code       0x3f2a     0x8  main.o [1]
  .text                  ro code       0x3f32    0x20  main.o [1]
  .text                  ro code       0x3f52     0x4  main.o [1]
  .text                  ro code       0x3f56     0x8  main.o [1]
  .text                  ro code       0x3f5e    0x28  main.o [1]
  .text                  ro code       0x3f86     0xe  main.o [1]
  .text                  ro code       0x3f94     0x8  main.o [1]
  .text                  ro code       0x3f9c    0x14  main.o [1]
  .text                  ro code       0x3fb0     0x4  main.o [1]
  .text                  ro code       0x3fb4    0x54  main.o [1]
  .text                  ro code       0x4008    0x18  main.o [1]
  .text                  ro code       0x4020     0x4  main.o [1]
  .text                  ro code       0x4024    0x18  main.o [1]
  .text                  ro code       0x403c     0x8  main.o [1]
  .text                  ro code       0x4044    0x28  main.o [1]
  .text                  ro code       0x406c     0xa  main.o [1]
  .text                  ro code       0x4076    0x14  main.o [1]
  .text                  ro code       0x408a     0x8  main.o [1]
  .text                  ro code       0x4092     0x8  main.o [1]
  .text                  ro code       0x409a    0x54  main.o [1]
  .text                  ro code       0x40ee     0x8  main.o [1]
  .text                  ro code       0x40f8     0xc  main.o [1]
  .text                  ro code       0x4104    0x48  main.o [1]
  .text                  ro code       0x414c    0x46  main.o [1]
  .text                  ro code       0x4192    0xa0  main.o [1]
  .text                  ro code       0x4234    0x90  iostream_cout.o [3]
  .text                  ro code       0x42c4    0x5c  iostream_cout.o [3]
  .text                  ro code       0x4320    0x8c  main.o [1]
  .text                  ro code       0x43ac    0x10  main.o [1]
  .text                  ro code       0x43bc     0xe  main.o [1]
  .text                  ro code       0x43ca    0x20  main.o [1]
  .text                  ro code       0x43ea     0x8  main.o [1]
  .text                  ro code       0x43f2    0x10  main.o [1]
  .text                  ro code       0x4402     0x6  main.o [1]
  .text                  ro code       0x4408     0xe  main.o [1]
  .text                  ro code       0x4416     0x8  main.o [1]
  .text                  ro code       0x441e     0x8  main.o [1]
  .text                  ro code       0x4426     0x8  main.o [1]
  .text                  ro code       0x442e     0x8  main.o [1]
  .text                  ro code       0x4436     0xe  main.o [1]
  .text                  ro code       0x4444     0x4  main.o [1]
  .text                  ro code       0x4448     0xe  main.o [1]
  .text                  ro code       0x4456    0x7a  main.o [1]
  .text                  ro code       0x44d0    0x18  main.o [1]
  .text                  ro code       0x44e8     0x6  main.o [1]
  .text                  ro code       0x44ee     0x2  main.o [1]
  .text                  ro code       0x44f0     0x8  main.o [1]
  .text                  ro code       0x44f8     0xa  main.o [1]
  .text                  ro code       0x4502     0xc  main.o [1]
  .text                  ro code       0x450e     0xa  main.o [1]
  .text                  ro code       0x4518    0x16  main.o [1]
  .text                  ro code       0x452e     0xa  main.o [1]
  .text                  ro code       0x4538     0x8  main.o [1]
  .text                  ro code       0x4540     0x8  main.o [1]
  .text                  ro code       0x4548    0x1c  main.o [1]
  .text                  ro code       0x4564    0x12  main.o [1]
  .text                  ro code       0x4576     0x2  main.o [1]
  .text                  ro code       0x4578    0x1e  main.o [1]
  .text                  ro code       0x4596     0x2  main.o [1]
  .text                  ro code       0x4598     0xc  main.o [1]
  .text                  ro code       0x45a4     0x2  main.o [1]
  .text                  ro code       0x45a6     0x8  main.o [1]
  .text                  ro code       0x45ae     0xe  main.o [1]
  .text                  ro code       0x45bc     0x2  main.o [1]
  .text                  ro code       0x45be     0x2  main.o [1]
  .text                  ro code       0x45c0     0x2  main.o [1]
  .text                  ro code       0x45c2     0x8  main.o [1]
  .text                  ro code       0x45ca     0x2  main.o [1]
  .text                  ro code       0x45cc    0x7c  main.o [1]
  .text                  ro code       0x4648    0x22  main.o [1]
  .text                  ro code       0x466a    0x6c  main.o [1]
  .text                  ro code       0x46d6    0x76  main.o [1]
  .text                  ro code       0x474c    0x64  main.o [1]
  .text                  ro code       0x47b0    0x40  sprintf.o [2]
  .text                  ro code       0x47f0    0x52  main.o [1]
  .text                  ro code       0x4842    0x32  main.o [1]
  .rodata                const         0x4874    0x44  iostream_cout.o [3]
  .rodata                const         0x48b8    0x44  iostream_cout.o [3]
  .text                  ro code       0x48fc    0x38  iostream_cout.o [3]
  .text                  ro code       0x4934    0x20  putchar.o [2]
  .text                  ro code       0x4954    0x10  write.o [6]
  .text                  ro code       0x4964    0x1e  dwrite.o [6]
  .text                  ro code       0x4982    0x20  iarwstd.o [6]
  .text                  ro code       0x49a2    0x22  iarwrite.o [6]
  .rodata                const         0x49c4    0x30  main.o [1]
  .rodata                const         0x49f4    0x30  main.o [1]
  .text                  ro code       0x4a24    0x2e  main.o [1]
  .text                  ro code       0x4a52    0x12  main.o [1]
  .text                  ro code       0x4a64     0x6  main.o [1]
  .text                  ro code       0x4a6a    0x2c  copy_init3.o [5]
  .rodata                const         0x4a98    0x28  iostream_cout.o [3]
  .text                  ro code       0x4ac0    0x28  data_init.o [5]
  .rodata                const         0x4ae8    0x24  main.o [1]
  .rodata                const         0x4b0c    0x24  main.o [1]
  .text                  ro code       0x4b30    0x24  main.o [1]
  .text                  ro code       0x4b54    0x18  main.o [1]
  .text                  ro code       0x4b6c    0x12  main.o [1]
  .iar.init_table        const         0x4b80    0x28  - Linker created -
  .text                  ro code       0x4ba8    0x20  cmain_call_ctors.o [5]
  .text                  ro code       0x4bc8    0x1e  cmain.o [5]
  .text                  ro code       0x4be6     0x4  low_level_init.o [2]
  .text                  ro code       0x4bea     0x4  exit.o [2]
  .text                  ro code       0x4bf0     0xe  cexit.o [5]
  .text                  ro code       0x4c00    0x18  main.o [1]
  .text                  ro code       0x4c18    0x18  main.o [1]
  .text                  ro code       0x4c30     0x4  delaop_0.o [3]
  .text                  ro code       0x4c34    0x14  iostream_cout.o [3]
  .rodata                const         0x4c48    0x10  main.o [1]
  .rodata                const         0x4c58    0x10  main.o [1]
  .rodata                const         0x4c68    0x10  ios.o [3]
  .rodata                const         0x4c78    0x10  iostream_cout.o [3]
  .text                  ro code       0x4c88     0xe  main.o [1]
  .text                  ro code       0x4c96     0x8  main.o [1]
  .text                  ro code       0x4c9e     0xe  iostream_cout.o [3]
  .text                  ro code       0x4cac     0xc  cstartup_M.o [5]
  .text                  ro code       0x4cb8     0xa  main.o [1]
  .rodata                const         0x4cc4     0x8  main.o [1]
  .rodata                const         0x4ccc     0x8  main.o [1]
  SHT$$PREINIT_ARRAY                   0x4cd4     0x4  <Block>
    .preinit_array       const         0x4cd4     0x4  iostream_cout.o [3]
  SHT$$INIT_ARRAY                      0x4cd8     0x4  <Block>
    .init_array          const         0x4cd8     0x4  ios.o [3]
  __iar_tls$$INIT_ARRAY                0x4cdc     0x0  <Block>
  Initializer bytes      const         0x4cdc     0x8  <for P2-1>
  .rodata                const         0x4ce4     0x4  main.o [1]
  .text                  ro code       0x4ce8     0x4  main.o [1]
  .text                  ro code       0x4cec     0x4  iostream_cout.o [3]
  .text                  ro code       0x4cf0     0x0  cstart_call_dtors.o [5]
  .rodata                const         0x4cf0     0x0  zero_init3.o [5]
  .rodata                const         0x4cf0     0x0  copy_init3.o [5]
                                     - 0x4cf0  0x4cb0

"P2", part 1 of 3:                                0x8
  P2-1                            0x2000'0000     0x8  <Init block>
    .data                inited   0x2000'0000     0x8  XShttio.o [2]
                                - 0x2000'0008     0x8

"P2", part 2 of 3:                              0x2d8
  .bss                   zero     0x2000'0008   0x1d8  dlmalloc.o [2]
  .bss                   zero     0x2000'01e0    0x70  iostream_cout.o [3]
  .bss                   zero     0x2000'0250    0x34  ios.o [3]
  .bss                   zero     0x2000'0284    0x18  dlmalloc.o [2]
  .bss                   zero     0x2000'029c    0x14  main.o [1]
  .bss                   zero     0x2000'02b0    0x10  ios.o [3]
  .bss                   zero     0x2000'02c0     0x4  main.o [1]
  .bss                   zero     0x2000'02c4     0x4  main.o [1]
  .bss                   zero     0x2000'02c8     0x4  cppinit.o [2]
  .bss                   zero     0x2000'02cc     0x4  cppinit.o [2]
  .bss                   zero     0x2000'02d0     0x4  new.o [3]
  .bss                   zero     0x2000'02d4     0x4  xfail_s.o [2]
  .bss                   zero     0x2000'02d8     0x4  xgetmemchunk.o [2]
  .bss                   zero     0x2000'02dc     0x1  main.o [1]
  .bss                   zero     0x2000'02dd     0x1  main.o [1]
  .bss                   zero     0x2000'02de     0x1  main.o [1]
  .bss                   zero     0x2000'02df     0x1  XShttio.o [2]
                                - 0x2000'02e0   0x2d8

"P2", part 3 of 3:                              0xda8
  .iar.dynexit                    0x2000'02e0   0x1a4  <Block>
    .iar.dynexit         uninit   0x2000'02e0     0xc  cppinit.o [2]
    .iar.dynexit         uninit   0x2000'02ec   0x198  <Block tail>
  CSTACK                          0x2000'0488   0x400  <Block>
    CSTACK               uninit   0x2000'0488   0x400  <Block tail>
  HEAP                            0x2000'0888   0x800  <Block>
    HEAP                 uninit   0x2000'0888   0x800  <Block tail>
                                - 0x2000'1088   0xda8

Unused ranges:

         From           To      Size
         ----           --      ----
       0x4cf0     0x7'ffff  0x7'b310
  0x2000'1088  0x2000'ffff    0xef78


*******************************************************************************
*** INIT TABLE
***

          Address      Size
          -------      ----
Zero (__iar_zero_init3)
    1 destination range, total size 0x2d8:
          0x2000'0008  0x2d8

Copy (__iar_copy_init3)
    1 source range, total size 0x8:
               0x4cdc    0x8
    1 destination range, total size 0x8:
          0x2000'0000    0x8

Extra (__iar_cstart_call_ctors)



*******************************************************************************
*** MODULE SUMMARY
***

    Module                  ro code  ro data  rw data
    ------                  -------  -------  -------
command line/config:
    -------------------------------------------------
    Total:

C:\Users\Administrator\Desktop\Embeded\Projects\March 2\Debug\Obj: [1]
    main.o                    5 248      223       31
    -------------------------------------------------
    Total:                    5 248      223       31

dl7M_tln.a: [2]
    XShttio.o                    60        8        9
    abort.o                       6
    cppinit.o                   160                20
    dlmalloc.o                5 344               496
    exit.o                        4
    heaptramp0.o                  4
    low_level_init.o              4
    putchar.o                    32
    sprintf.o                    64
    xfail_s.o                    64                 4
    xgetmemchunk.o               44                 4
    xprintffull_nomb.o        3 570
    xsprout.o                    10
    -------------------------------------------------
    Total:                    9 366        8      533

dlpp7M_tl_nc.a: [3]
    cxxabi.o                     10
    delaop_0.o                    4
    delop4_0.o                    4
    delop_0.o                    10
    ios.o                       260       20       68
    iostream_cout.o             340      196      112
    new.o                                           4
    newop_0.o                    36
    nomemory.o                    4
    -------------------------------------------------
    Total:                      668      216      184

m7M_tl.a: [4]
    DblAdd.o                    362
    DblCmpGe.o                   46
    DblCmpLe.o                   46
    DblDiv.o                    582
    DblMul.o                    418
    DblSub.o                    226
    DblToS32.o                   58
    DblToU32.o                   40
    S32ToDbl.o                   34
    U32ToDbl.o                   26
    frexp.o                     112
    ldexp.o                     314
    -------------------------------------------------
    Total:                    2 264

rt7M_tl.a: [5]
    ABImemcpy_unaligned.o       118
    ABImemmove_unaligned.o      120
    ABImemset.o                 102
    I64DivMod.o                 560
    I64DivZer.o                   2
    cexit.o                      14
    cmain.o                      30
    cmain_call_ctors.o           32
    copy_init3.o                 44
    cstart_call_dtors.o
    cstartup_M.o                 12
    data_init.o                  40
    memchr.o                     88
    strchr.o                     22
    strlen.o                     54
    vector_table_M.o             66
    zero_init3.o                 58
    -------------------------------------------------
    Total:                    1 362

shb_l.a: [6]
    dwrite.o                     30
    exit.o                       20
    iarttio.o                   128
    iarwrite.o                   34
    iarwstd.o                    32
    unwind_debug.o                         1
    write.o                      16
    -------------------------------------------------
    Total:                      260        1

    Gaps                         34        6
    Linker created                        40    3 480
-----------------------------------------------------
    Grand Total:             19 202      494    4 228


*******************************************************************************
*** ENTRY LIST
***

Entry                       Address   Size  Type      Object
-----                       -------   ----  ----      ------
.iar.dynexit$$Base      0x2000'02e0          --   Gb  - Linker created -
.iar.dynexit$$Limit     0x2000'0484          --   Gb  - Linker created -
.iar.init_table$$Base        0x4b80          --   Gb  - Linker created -
.iar.init_table$$Limit       0x4ba8          --   Gb  - Linker created -
?main                        0x4bc9         Code  Gb  cmain.o [5]
CSTACK$$Base            0x2000'0488          --   Gb  - Linker created -
CSTACK$$Limit           0x2000'0888          --   Gb  - Linker created -
DtorRecArray            0x2000'02e0    0xc  Data  Lc  cppinit.o [2]
HEAP$$Base              0x2000'0888          --   Gb  - Linker created -
HEAP$$Limit             0x2000'1088          --   Gb  - Linker created -
Initialization guard variable for std::ctype<char> const & std::use_facet<std::ctype<char>>()::_MyFacet
                        0x2000'02dd    0x1  Data  Gb  main.o [1]
Initialization guard variable for std::num_put<char, std::ostreambuf_iterator<char, std::char_traits<char>>> const & std::use_facet<std::num_put<char, std::ostreambuf_iterator<char, std::char_traits<char>>>>()::_MyFacet
                        0x2000'02dc    0x1  Data  Gb  main.o [1]
Initialization guard variable for std::numpunct<char> const & std::use_facet<std::numpunct<char>>()::_MyFacet
                        0x2000'02de    0x1  Data  Gb  main.o [1]
LoadInt                      0x180b   0x7a  Code  Lc  xprintffull_nomb.o [2]
Region$$Table$$Base          0x4b80          --   Gb  - Linker created -
Region$$Table$$Limit         0x4ba8          --   Gb  - Linker created -
SHT$$INIT_ARRAY$$Base        0x4cd8          --   Gb  - Linker created -
SHT$$INIT_ARRAY$$Limit       0x4cdc          --   Gb  - Linker created -
SHT$$PREINIT_ARRAY$$Base
                             0x4cd4          --   Gb  - Linker created -
SHT$$PREINIT_ARRAY$$Limit
                             0x4cd8          --   Gb  - Linker created -
Virtual function table for std::_Wrap_facet<std::ctype<char>>
                             0x4c58   0x10  Data  Gb  main.o [1]
Virtual function table for std::_Wrap_facet<std::num_put<char, std::ostreambuf_iterator<char, std::char_traits<char>>>>
                             0x49f4   0x30  Data  Gb  main.o [1]
Virtual function table for std::_Wrap_facet<std::numpunct<char>>
                             0x4b0c   0x24  Data  Gb  main.o [1]
Virtual function table for std::__nobasic_filebuf<char, std::char_traits<char>>
                             0x48b8   0x44  Data  Gb  iostream_cout.o [3]
Virtual function table for std::ctype<char>
                             0x4c48   0x10  Data  Gb  main.o [1]
Virtual function table for std::ios
                             0x4c78   0x10  Data  Gb  iostream_cout.o [3]
Virtual function table for std::ios_base
                             0x4c68   0x10  Data  Gb  ios.o [3]
Virtual function table for std::num_put<char, std::ostreambuf_iterator<char, std::char_traits<char>>>
                             0x49c4   0x30  Data  Gb  main.o [1]
Virtual function table for std::numpunct<char>
                             0x4ae8   0x24  Data  Gb  main.o [1]
Virtual function table for std::ostream
                             0x4a98   0x28  Data  Gb  iostream_cout.o [3]
Virtual function table for std::streambuf
                             0x4874   0x44  Data  Gb  iostream_cout.o [3]
[local to ios_cpp]::std::stdopens
                        0x2000'0250    0xc  Data  Lc  ios.o [3]
[local to ios_cpp]::std::stdstr
                        0x2000'025c   0x28  Data  Lc  ios.o [3]
[local to iostream_cout_cpp]::std::__iarcoutguard
                        0x2000'020c    0x1  Data  Lc  iostream_cout.o [3]
[local to iostream_cout_cpp]::std::fout
                        0x2000'0210   0x40  Data  Lc  iostream_cout.o [3]
_GenldFullNoMb               0x214d  0x274  Code  Lc  xprintffull_nomb.o [2]
_LdtobFullNoMb               0x1d49  0x3d6  Code  Lc  xprintffull_nomb.o [2]
_LitobFullNoMb               0x1bf9  0x10a  Code  Lc  xprintffull_nomb.o [2]
_PrintfFullNoMb              0x165d  0x19e  Code  Gb  xprintffull_nomb.o [2]
_PutcharsFullNoMb            0x23c1   0x2e  Code  Lc  xprintffull_nomb.o [2]
_PutfldFullNoMb              0x1885  0x268  Code  Lc  xprintffull_nomb.o [2]
_PuttxtFullNoMb              0x1aed  0x10c  Code  Lc  xprintffull_nomb.o [2]
_SProut                      0x244f    0xa  Code  Gb  xsprout.o [2]
__aeabi_atexit               0x35e5    0xa  Code  Gb  cxxabi.o [3]
__aeabi_cdcmple              0x2a01         Code  Gb  DblCmpLe.o [4]
__aeabi_cdrcmple             0x2a31         Code  Gb  DblCmpGe.o [4]
__aeabi_d2iz                 0x2b9d         Code  Gb  DblToS32.o [4]
__aeabi_d2uiz                0x2f29         Code  Gb  DblToU32.o [4]
__aeabi_ddiv                 0x2ce1         Code  Gb  DblDiv.o [4]
__aeabi_dmul                 0x2775         Code  Gb  DblMul.o [4]
__aeabi_dsub                 0x2bfd         Code  Gb  DblSub.o [4]
__aeabi_i2d                  0x2bd9         Code  Gb  S32ToDbl.o [4]
__aeabi_ldiv0                0x2f6d         Code  Gb  I64DivZer.o [5]
__aeabi_memset               0x3ac5         Code  Gb  ABImemset.o [5]
__aeabi_ui2d                 0x2f51         Code  Gb  U32ToDbl.o [4]
__aeabi_uldivmod             0x2545         Code  Gb  I64DivMod.o [5]
__call_ctors                 0x37a9   0x18  Code  Gb  cppinit.o [2]
__call_dtors                 0x37f7    0xc  Code  Gb  cppinit.o [2]
__call_dtors0                0x3803   0x36  Code  Gb  cppinit.o [2]
__cexit_call_dtors           0x4bf3         Code  Gb  cexit.o [5]
__cmain                      0x4bc9         Code  Gb  cmain.o [5]
__cstart_call_dtors          0x4cf0         Data  Gb  cstart_call_dtors.o [5]
__cxa_atexit                 0x37c1   0x36  Code  Gb  cppinit.o [2]
__data_GetMemChunk           0x1561   0x2c  Code  Gb  xgetmemchunk.o [2]
__data_GetMemChunk::start
                        0x2000'02d8    0x4  Data  Lc  xgetmemchunk.o [2]
__dso_handle            0x2000'02cc    0x4  Data  Gb  cppinit.o [2]
__dwrite                     0x4965   0x1e  Code  Gb  dwrite.o [6]
__exit                       0x158d   0x14  Code  Gb  exit.o [6]
__iar_Fail_s                 0x2475   0x1c  Code  Gb  xfail_s.o [2]
__iar_Memchr                 0x24ed         Code  Gb  memchr.o [5]
__iar_Memset                 0x3ac5         Code  Gb  ABImemset.o [5]
__iar_Memset_word            0x3acd         Code  Gb  ABImemset.o [5]
__iar_Strchr                 0x2459         Code  Gb  strchr.o [5]
__iar_close_ttio             0x15a1   0x2e  Code  Gb  iarttio.o [6]
__iar_copy_init3             0x4a6b   0x2c  Code  Gb  copy_init3.o [5]
__iar_cstart_call_ctors
                             0x4ba9   0x20  Code  Gb  cmain_call_ctors.o [5]
__iar_dadd                   0x2c0d         Code  Gb  DblSub.o [4]
__iar_data_init3             0x4ac1   0x28  Code  Gb  data_init.o [5]
__iar_debug_exceptions       0x2a5f    0x1  Data  Gb  unwind_debug.o [6]
__iar_dlfree                 0x101f  0x4f6  Code  Gb  dlmalloc.o [2]
__iar_dlmalloc                0xd69  0x2b6  Code  Gb  dlmalloc.o [2]
__iar_dsub                   0x2f71         Code  Gb  DblAdd.o [4]
__iar_dsubStart              0x2f83         Code  Gb  DblAdd.o [4]
__iar_frexp                  0x299d         Code  Gb  frexp.o [4]
__iar_frexp64                0x2991         Code  Gb  frexp.o [4]
__iar_frexpl                 0x299d         Code  Gb  frexp.o [4]
__iar_get_ttio               0x15d1   0x4c  Code  Gb  iarttio.o [6]
__iar_ldexp64                0x2a61         Code  Gb  ldexp.o [4]
__iar_lookup_ttioh           0x164f    0x4  Code  Gb  XShttio.o [2]
__iar_program_start          0x4cad         Code  Gb  cstartup_M.o [5]
__iar_scalbln64              0x2a61         Code  Gb  ldexp.o [4]
__iar_scalbn64               0x2a61         Code  Gb  ldexp.o [4]
__iar_sh_stdout              0x4983   0x20  Code  Gb  iarwstd.o [6]
__iar_sh_write               0x49a3   0x22  Code  Gb  iarwrite.o [6]
__iar_tls$$INIT_ARRAY$$Base
                             0x4cdc          --   Gb  - Linker created -
__iar_tls$$INIT_ARRAY$$Limit
                             0x4cdc          --   Gb  - Linker created -
__iar_ttio_guard_lock        0x1621   0x1e  Code  Gb  XShttio.o [2]
__iar_ttio_guard_unlock
                             0x163f   0x10  Code  Gb  XShttio.o [2]
__iar_ttio_handles      0x2000'0000    0x8  Data  Lc  XShttio.o [2]
__iar_unaligned_memcpy       0x2919         Code  Gb  ABImemcpy_unaligned.o [5]
__iar_unaligned_memcpy4
                             0x2939         Code  Gb  ABImemcpy_unaligned.o [5]
__iar_unaligned_memcpy8
                             0x2939         Code  Gb  ABImemcpy_unaligned.o [5]
__iar_unaligned_memmove
                             0x3951         Code  Gb  ABImemmove_unaligned.o [5]
__iar_unaligned_memmove4
                             0x3951         Code  Gb  ABImemmove_unaligned.o [5]
__iar_unaligned_memmove8
                             0x3951         Code  Gb  ABImemmove_unaligned.o [5]
__iar_zero_init3             0x1527   0x3a  Code  Gb  zero_init3.o [5]
__low_level_init             0x4be7    0x4  Code  Gb  low_level_init.o [2]
__sti__routine               0x3cdf    0xa  Code  Lc  ios.o [3]
__sti__routine               0x4235   0x90  Code  Lc  iostream_cout.o [3]
__vector_table                  0x0         Data  Gb  vector_table_M.o [5]
__write                      0x4955   0x10  Code  Gb  write.o [6]
_call_main                   0x4bd5         Code  Gb  cmain.o [5]
_exit                        0x4bf1         Code  Gb  cexit.o [5]
_gm_                    0x2000'0008  0x1d8  Data  Lc  dlmalloc.o [2]
_main                        0x4be3         Code  Gb  cmain.o [5]
abort                        0x1521    0x6  Code  Gb  abort.o [2]
add_segment                   0x409  0x1f2  Code  Lc  dlmalloc.o [2]
char * && std::forward<char *>(std::remove_reference<char *>::type &)
                             0x3c01    0x2  Code  Gb  main.o [1]
char * std::_Addressof<char>(char &, std::integral_constant<bool, (bool)0>)
                             0x3a57    0x2  Code  Gb  main.o [1]
char * std::_Allocate<char>(unsigned int, char *, bool)
                             0x3c7b   0x12  Code  Gb  main.o [1]
char * std::_Maklocstr<char>(char const *, char *)
                             0x3c27   0x34  Code  Gb  main.o [1]
char * std::addressof<char>(char &)
                             0x3763    0x8  Code  Gb  main.o [1]
char std::_Maklocchr<char>(char, char *)
                             0x3be5    0x4  Code  Gb  main.o [1]
const std::allocator<char>& && std::forward<const std::allocator<char>&>(std::remove_reference<const std::allocator<char>&>::type &)
                             0x3b55    0x2  Code  Gb  main.o [1]
const std::allocator<unsigned long long>& && std::forward<const std::allocator<unsigned long long>&>(std::remove_reference<const std::allocator<unsigned long long>&>::type &)
                             0x45a5    0x2  Code  Gb  main.o [1]
exit                         0x4beb    0x4  Code  Gb  exit.o [2]
free                         0x3cad    0x4  Code  Gb  heaptramp0.o [2]
frexp                        0x2991         Code  Gb  frexp.o [4]
frexpl                       0x2991         Code  Gb  frexp.o [4]
init_mparams                   0x5b   0x32  Code  Lc  dlmalloc.o [2]
init_top                       0x8d   0x36  Code  Lc  dlmalloc.o [2]
ldexp                        0x2a61         Code  Gb  ldexp.o [4]
ldexpl                       0x2a61         Code  Gb  ldexp.o [4]
main                         0x4321   0x8c  Code  Gb  main.o [1]
memchr                       0x24ed         Code  Gb  memchr.o [5]
mparams                 0x2000'0284   0x18  Data  Lc  dlmalloc.o [2]
next_abi_dtor_rec       0x2000'02c8    0x4  Data  Lc  cppinit.o [2]
operator delete (void *)
                             0x3c1d    0xa  Code  Gb  delop_0.o [3]
operator delete (void *, unsigned int)
                             0x3de1    0x4  Code  Gb  delop4_0.o [3]
operator delete[] (void *)
                             0x4c31    0x4  Code  Gb  delaop_0.o [3]
operator new (unsigned int)
                             0x3cb1   0x24  Code  Gb  newop_0.o [3]
operator new (unsigned int, void *)
                             0x3cd5    0x4  Code  Gb  main.o [1]
prepend_alloc                  0xc3  0x346  Code  Lc  dlmalloc.o [2]
putchar                      0x4935   0x20  Code  Gb  putchar.o [2]
scalbln                      0x2a61         Code  Gb  ldexp.o [4]
scalblnl                     0x2a61         Code  Gb  ldexp.o [4]
scalbn                       0x2a61         Code  Gb  ldexp.o [4]
scalbnl                      0x2a61         Code  Gb  ldexp.o [4]
scale                        0x1d03   0x46  Code  Lc  xprintffull_nomb.o [2]
sec_hand                0x2000'02d4    0x4  Data  Lc  xfail_s.o [2]
segment_holding                0x41   0x1a  Code  Lc  dlmalloc.o [2]
sprintf                      0x47b1   0x40  Code  Gb  sprintf.o [2]
std::_Compressed_pair<std::_Wrap_alloc<std::allocator<char>>, std::_String_val<std::_Simple_types<char>>, (bool)1>::_Compressed_pair<const std::allocator<char>&, >(std::_One_then_variadic_args_t, const std::allocator<char>& &&,  &&...)
                             0x3a31   0x1c  Code  Gb  main.o [1]
std::_Compressed_pair<std::_Wrap_alloc<std::allocator<char>>, std::_String_val<std::_Simple_types<char>>, (bool)1>::_Get_first()
                             0x3a4d    0x2  Code  Gb  main.o [1]
std::_Compressed_pair<std::_Wrap_alloc<std::allocator<char>>, std::_String_val<std::_Simple_types<char>>, (bool)1>::_Get_first() const
                             0x3be9    0x2  Code  Gb  main.o [1]
std::_Compressed_pair<std::_Wrap_alloc<std::allocator<char>>, std::_String_val<std::_Simple_types<char>>, (bool)1>::_Get_second()
                             0x3a65    0x2  Code  Gb  main.o [1]
std::_Compressed_pair<std::_Wrap_alloc<std::allocator<char>>, std::_String_val<std::_Simple_types<char>>, (bool)1>::_Get_second() const
                             0x3a91    0x2  Code  Gb  main.o [1]
std::_Compressed_pair<std::_Wrap_alloc<std::allocator<unsigned long long>>, std::_Vector_val<std::_Simple_types<unsigned long long>>, (bool)1>::_Compressed_pair<const std::allocator<unsigned long long>&, >(std::_One_then_variadic_args_t, const std::allocator<unsigned long long>& &&,  &&...)
                             0x4549   0x1c  Code  Gb  main.o [1]
std::_Compressed_pair<std::_Wrap_alloc<std::allocator<unsigned long long>>, std::_Vector_val<std::_Simple_types<unsigned long long>>, (bool)1>::_Get_first()
                             0x4597    0x2  Code  Gb  main.o [1]
std::_Compressed_pair<std::_Wrap_alloc<std::allocator<unsigned long long>>, std::_Vector_val<std::_Simple_types<unsigned long long>>, (bool)1>::_Get_second()
                             0x44ef    0x2  Code  Gb  main.o [1]
std::_Container_base0::_Orphan_all()
                             0x4577    0x2  Code  Gb  main.o [1]
std::_Fpz               0x2000'02b0   0x10  Data  Gb  ios.o [3]
std::_Iterator_base0::_Adopt(void const *)
                             0x45bd    0x2  Code  Gb  main.o [1]
std::_NomemoryNothrow()
                             0x3cd9    0x4  Code  Gb  nomemory.o [3]
std::_Ptr_cat(unsigned long long *, unsigned long long *)
                             0x45bf    0x2  Code  Gb  main.o [1]
std::_String_alloc<std::_String_base_types<char, std::allocator<char>>>::_Bx()
                             0x374b    0x8  Code  Gb  main.o [1]
std::_String_alloc<std::_String_base_types<char, std::allocator<char>>>::_Get_data()
                             0x3785    0x8  Code  Gb  main.o [1]
std::_String_alloc<std::_String_base_types<char, std::allocator<char>>>::_Get_data() const
                             0x3849    0x8  Code  Gb  main.o [1]
std::_String_alloc<std::_String_base_types<char, std::allocator<char>>>::_Getal()
                             0x3753    0x8  Code  Gb  main.o [1]
std::_String_alloc<std::_String_base_types<char, std::allocator<char>>>::_Getal() const
                             0x3a93    0x8  Code  Gb  main.o [1]
std::_String_alloc<std::_String_base_types<char, std::allocator<char>>>::_Myptr()
                             0x35c1    0xc  Code  Gb  main.o [1]
std::_String_alloc<std::_String_base_types<char, std::allocator<char>>>::_Myptr() const
                             0x35ef    0xc  Code  Gb  main.o [1]
std::_String_alloc<std::_String_base_types<char, std::allocator<char>>>::_Myres()
                             0x3741    0xa  Code  Gb  main.o [1]
std::_String_alloc<std::_String_base_types<char, std::allocator<char>>>::_Mysize()
                             0x35fb    0xa  Code  Gb  main.o [1]
std::_String_alloc<std::_String_base_types<char, std::allocator<char>>>::_Mysize() const
                             0x36e3    0xa  Code  Gb  main.o [1]
std::_String_alloc<std::_String_base_types<char, std::allocator<char>>>::_String_alloc(const std::allocator<char>&)
                             0x3729   0x18  Code  Gb  main.o [1]
std::_String_alloc<std::_String_base_types<char, std::allocator<char>>>::_String_alloc(const std::allocator<char>&) [subobject]
                             0x3505    0x8  Code  Gb  main.o [1]
std::_String_val<std::_Simple_types<char>>::_Myptr()
                             0x378d   0x12  Code  Gb  main.o [1]
std::_String_val<std::_Simple_types<char>>::_Myptr() const
                             0x3851   0x12  Code  Gb  main.o [1]
std::_String_val<std::_Simple_types<char>>::_String_val()
                             0x3b5f    0xa  Code  Gb  main.o [1]
std::_Vector_alloc<std::_Vec_base_types<unsigned long long, std::allocator<unsigned long long>>>::_Get_data()
                             0x4427    0x8  Code  Gb  main.o [1]
std::_Vector_alloc<std::_Vec_base_types<unsigned long long, std::allocator<unsigned long long>>>::_Getal()
                             0x4539    0x8  Code  Gb  main.o [1]
std::_Vector_alloc<std::_Vec_base_types<unsigned long long, std::allocator<unsigned long long>>>::_Myend()
                             0x452f    0xa  Code  Gb  main.o [1]
std::_Vector_alloc<std::_Vec_base_types<unsigned long long, std::allocator<unsigned long long>>>::_Myfirst()
                             0x442f    0x8  Code  Gb  main.o [1]
std::_Vector_alloc<std::_Vec_base_types<unsigned long long, std::allocator<unsigned long long>>>::_Mylast()
                             0x450f    0xa  Code  Gb  main.o [1]
std::_Vector_alloc<std::_Vec_base_types<unsigned long long, std::allocator<unsigned long long>>>::_Orphan_all()
                             0x4503    0xc  Code  Gb  main.o [1]
std::_Vector_alloc<std::_Vec_base_types<unsigned long long, std::allocator<unsigned long long>>>::_Vector_alloc(const std::allocator<unsigned long long>&)
                             0x44d1   0x18  Code  Gb  main.o [1]
std::_Vector_alloc<std::_Vec_base_types<unsigned long long, std::allocator<unsigned long long>>>::_Vector_alloc(const std::allocator<unsigned long long>&) [subobject]
                             0x4417    0x8  Code  Gb  main.o [1]
std::_Vector_const_iterator<std::_Vector_val<std::_Simple_types<unsigned long long>>>::_Vector_const_iterator()
                             0x44e9    0x6  Code  Gb  main.o [1]
std::_Vector_const_iterator<std::_Vector_val<std::_Simple_types<unsigned long long>>>::_Vector_const_iterator() [subobject]
                             0x441f    0x8  Code  Gb  main.o [1]
std::_Vector_const_iterator<std::_Vector_val<std::_Simple_types<unsigned long long>>>::_Vector_const_iterator(unsigned long long *, std::_Container_base0 const *)
                             0x4565   0x12  Code  Gb  main.o [1]
std::_Vector_const_iterator<std::_Vector_val<std::_Simple_types<unsigned long long>>>::_Vector_const_iterator(unsigned long long *, std::_Container_base0 const *) [subobject]
                             0x44f1    0x8  Code  Gb  main.o [1]
std::_Vector_const_iterator<std::_Vector_val<std::_Simple_types<unsigned long long>>>::operator *() const
                             0x4445    0x4  Code  Gb  main.o [1]
std::_Vector_const_iterator<std::_Vector_val<std::_Simple_types<unsigned long long>>>::operator +=(int)
                             0x44f9    0xa  Code  Gb  main.o [1]
std::_Vector_iterator<std::_Vector_val<std::_Simple_types<unsigned long long>>>::_Vector_iterator()
                             0x43bd    0xe  Code  Gb  main.o [1]
std::_Vector_iterator<std::_Vector_val<std::_Simple_types<unsigned long long>>>::_Vector_iterator(unsigned long long *, std::_Container_base0 const *)
                             0x4437    0xe  Code  Gb  main.o [1]
std::_Vector_iterator<std::_Vector_val<std::_Simple_types<unsigned long long>>>::operator *() const
                             0x43eb    0x8  Code  Gb  main.o [1]
std::_Vector_iterator<std::_Vector_val<std::_Simple_types<unsigned long long>>>::operator +(int) const
                             0x43f3   0x10  Code  Gb  main.o [1]
std::_Vector_iterator<std::_Vector_val<std::_Simple_types<unsigned long long>>>::operator +=(int)
                             0x4449    0xe  Code  Gb  main.o [1]
std::_Vector_val<std::_Simple_types<unsigned long long>>::_Vector_val()
                             0x45af    0xe  Code  Gb  main.o [1]
std::_Wrap_alloc<std::allocator<char>>::_Wrap_alloc(const std::allocator<char>&)
                             0x3c1b    0x2  Code  Gb  main.o [1]
std::_Wrap_alloc<std::allocator<char>>::_Wrap_alloc(const std::allocator<char>&) [subobject]
                             0x3b57    0x8  Code  Gb  main.o [1]
std::_Wrap_alloc<std::allocator<char>>::allocate(unsigned int)
                             0x3aa3    0x8  Code  Gb  main.o [1]
std::_Wrap_alloc<std::allocator<char>>::deallocate(char *, unsigned int)
                             0x377d    0x8  Code  Gb  main.o [1]
std::_Wrap_alloc<std::allocator<char>>::max_size(std::_Nil) const
                             0x3a9b    0x8  Code  Gb  main.o [1]
std::_Wrap_alloc<std::allocator<unsigned long long>>::_Wrap_alloc(const std::allocator<unsigned long long>&)
                             0x45cb    0x2  Code  Gb  main.o [1]
std::_Wrap_alloc<std::allocator<unsigned long long>>::_Wrap_alloc(const std::allocator<unsigned long long>&) [subobject]
                             0x45a7    0x8  Code  Gb  main.o [1]
std::_Wrap_alloc<std::allocator<unsigned long long>>::deallocate(unsigned long long *, unsigned int)
                             0x4541    0x8  Code  Gb  main.o [1]
std::_Wrap_facet<std::ctype<char>>::_Wrap_facet()
                             0x34ed   0x18  Code  Gb  main.o [1]
std::_Wrap_facet<std::num_put<char, std::ostreambuf_iterator<char, std::char_traits<char>>>>::_Wrap_facet()
                             0x4009   0x18  Code  Gb  main.o [1]
std::_Wrap_facet<std::numpunct<char>>::_Wrap_facet()
                             0x35cd   0x18  Code  Gb  main.o [1]
std::_Wrap_facet<std::numpunct<char>>::~_Wrap_facet()
                             0x4c89    0xe  Code  Gb  main.o [1]
std::__iar_New_hand     0x2000'02d0    0x4  Data  Gb  new.o [3]
std::__iar_cout_guard::~__iar_cout_guard()
                             0x4c35   0x14  Code  Gb  iostream_cout.o [3]
std::__nobasic_filebuf<char, std::char_traits<char>>::__nobasic_filebuf()
                             0x42c5   0x5c  Code  Gb  iostream_cout.o [3]
std::__nobasic_filebuf<char, std::char_traits<char>>::overflow(int)
                             0x48fd   0x38  Code  Gb  iostream_cout.o [3]
std::allocator<char>::allocate(unsigned int)
                             0x3bf3    0xe  Code  Gb  main.o [1]
std::allocator<char>::deallocate(char *, unsigned int)
                             0x3a59    0xc  Code  Gb  main.o [1]
std::allocator<char>::max_size() const
                             0x3c75    0x6  Code  Gb  main.o [1]
std::allocator<unsigned long long>::deallocate(unsigned long long *, unsigned int)
                             0x4599    0xc  Code  Gb  main.o [1]
std::allocator_traits<std::allocator<char>>::max_size(const std::allocator<char>&)
                             0x3beb    0x8  Code  Gb  main.o [1]
std::char_traits<char>::assign(char &, char const &)
                             0x39c9    0x6  Code  Gb  main.o [1]
std::char_traits<char>::assign(char *, unsigned int, char)
                             0x39cf   0x10  Code  Gb  main.o [1]
std::char_traits<char>::copy(char *, char const *, unsigned int)
                             0x376b   0x12  Code  Gb  main.o [1]
std::char_traits<char>::eq_int_type(int const &, int const &)
                             0x3a11   0x12  Code  Gb  main.o [1]
std::char_traits<char>::length(char const *)
                             0x4b6d   0x12  Code  Gb  main.o [1]
std::char_traits<char>::move(char *, char const *, unsigned int)
                             0x367f   0x12  Code  Gb  main.o [1]
std::char_traits<char>::to_int_type(char const &)
                             0x3b51    0x4  Code  Gb  main.o [1]
std::cout               0x2000'01e0   0x2c  Data  Gb  iostream_cout.o [3]
std::ctype<char> const & std::use_facet<std::ctype<char>>()
                             0x3319   0x20  Code  Gb  main.o [1]
std::ctype<char> const & std::use_facet<std::ctype<char>>()::_MyFacet
                        0x2000'02c4    0x4  Data  Gb  main.o [1]
std::ctype<char>::ctype()
                             0x3a25    0xc  Code  Gb  main.o [1]
std::ctype<char>::ctype() [subobject]
                             0x371f    0x8  Code  Gb  main.o [1]
std::ctype<char>::widen(char const *, char const *, char *) const
                             0x336f   0x12  Code  Gb  main.o [1]
std::ctype<char>::widen(char) const
                             0x4a65    0x6  Code  Gb  main.o [1]
std::ios::clear(std::_Iosb<int>::_Iostate, bool)
                             0x4025   0x18  Code  Gb  main.o [1]
std::ios::fill() const       0x3f21    0x6  Code  Gb  main.o [1]
std::ios::rdbuf() const
                             0x3f27    0x4  Code  Gb  main.o [1]
std::ios::setstate(std::_Iosb<int>::_Iostate, bool)
                             0x3f5f   0x28  Code  Gb  main.o [1]
std::ios::tie() const        0x3fb1    0x4  Code  Gb  main.o [1]
std::ios::widen(char) const
                             0x4a53   0x12  Code  Gb  main.o [1]
std::ios_base::_Addstd(std::ios_base*)
                             0x3d49   0x36  Code  Gb  ios.o [3]
std::ios_base::_Callfns(std::ios_base::event)
                             0x3d2d   0x1c  Code  Gb  ios.o [3]
std::ios_base::_Init()       0x3d8d   0x1c  Code  Gb  ios.o [3]
std::ios_base::_Tidy()       0x3da9   0x38  Code  Gb  ios.o [3]
std::ios_base::clear(std::_Iosb<int>::_Iostate, bool)
                             0x3ce9   0x20  Code  Gb  ios.o [3]
std::ios_base::flags() const
                             0x330f    0x4  Code  Gb  main.o [1]
std::ios_base::good() const
                             0x3f9d   0x14  Code  Gb  main.o [1]
std::ios_base::rdstate() const
                             0x4021    0x4  Code  Gb  main.o [1]
std::ios_base::width() const
                             0x3471    0x4  Code  Gb  main.o [1]
std::ios_base::width(int)
                             0x34d1    0x8  Code  Gb  main.o [1]
std::ios_base::~ios_base()
                             0x3d09   0x24  Code  Gb  ios.o [3]
std::ios_base::~ios_base() [subobject]
                             0x3cdd    0x2  Code  Gb  ios.o [3]
std::num_put<char, std::ostreambuf_iterator<char, std::char_traits<char>>> const & std::use_facet<std::num_put<char, std::ostreambuf_iterator<char, std::char_traits<char>>>>()
                             0x3f01   0x20  Code  Gb  main.o [1]
std::num_put<char, std::ostreambuf_iterator<char, std::char_traits<char>>> const & std::use_facet<std::num_put<char, std::ostreambuf_iterator<char, std::char_traits<char>>>>()::_MyFacet
                        0x2000'02c0    0x4  Data  Gb  main.o [1]
std::num_put<char, std::ostreambuf_iterator<char, std::char_traits<char>>>::_Ifmt(char *, char const *, std::_Iosb<int>::_Fmtflags) const
                             0x4193   0xa0  Code  Gb  main.o [1]
std::num_put<char, std::ostreambuf_iterator<char, std::char_traits<char>>>::_Iput(std::ostreambuf_iterator<char, std::char_traits<char>>, std::ios_base &, char, char *, unsigned int) const
                             0x30db  0x234  Code  Gb  main.o [1]
std::num_put<char, std::ostreambuf_iterator<char, std::char_traits<char>>>::_Put(std::ostreambuf_iterator<char, std::char_traits<char>>, char const *, unsigned int) const
                             0x34a3   0x2e  Code  Gb  main.o [1]
std::num_put<char, std::ostreambuf_iterator<char, std::char_traits<char>>>::_Rep(std::ostreambuf_iterator<char, std::char_traits<char>>, char, unsigned int) const
                             0x3475   0x2e  Code  Gb  main.o [1]
std::num_put<char, std::ostreambuf_iterator<char, std::char_traits<char>>>::do_put(std::ostreambuf_iterator<char, std::char_traits<char>>, std::ios_base &, char, unsigned long long) const
                             0x474d   0x64  Code  Gb  main.o [1]
std::num_put<char, std::ostreambuf_iterator<char, std::char_traits<char>>>::do_put(std::ostreambuf_iterator<char, std::char_traits<char>>, std::ios_base &, char, unsigned long long) const::string
                             0x4ce4    0x4  Data  Gb  main.o [1]
std::num_put<char, std::ostreambuf_iterator<char, std::char_traits<char>>>::num_put()
                             0x40f9    0xc  Code  Gb  main.o [1]
std::num_put<char, std::ostreambuf_iterator<char, std::char_traits<char>>>::num_put() [subobject]
                             0x408b    0x8  Code  Gb  main.o [1]
std::num_put<char, std::ostreambuf_iterator<char, std::char_traits<char>>>::put(std::ostreambuf_iterator<char, std::char_traits<char>>, std::ios_base &, char, unsigned long long) const
                             0x3f33   0x20  Code  Gb  main.o [1]
std::numpunct<char> const & std::use_facet<std::numpunct<char>>()
                             0x3381   0x30  Code  Gb  main.o [1]
std::numpunct<char> const & std::use_facet<std::numpunct<char>>()::_MyFacet
                        0x2000'029c   0x14  Data  Gb  main.o [1]
std::numpunct<char>::_Init(bool)
                             0x3b75   0x70  Code  Gb  main.o [1]
std::numpunct<char>::_Init(bool)::string
                             0x2a2e    0x1  Data  Gb  main.o [1]
std::numpunct<char>::_Init(bool)::string (instance 2)
                             0x4cc4    0x8  Data  Gb  main.o [1]
std::numpunct<char>::_Init(bool)::string (instance 3)
                             0x4ccc    0x8  Data  Gb  main.o [1]
std::numpunct<char>::_Tidy()
                             0x4c19   0x18  Code  Gb  main.o [1]
std::numpunct<char>::do_grouping() const
                             0x4cb9    0xa  Code  Gb  main.o [1]
std::numpunct<char>::do_thousands_sep() const
                             0x4ce9    0x4  Code  Gb  main.o [1]
std::numpunct<char>::grouping() const
                             0x33b1    0xa  Code  Gb  main.o [1]
std::numpunct<char>::numpunct()
                             0x3a69   0x28  Code  Gb  main.o [1]
std::numpunct<char>::numpunct() [subobject]
                             0x379f    0x8  Code  Gb  main.o [1]
std::numpunct<char>::thousands_sep() const
                             0x33c7    0xa  Code  Gb  main.o [1]
std::numpunct<char>::~numpunct()
                             0x4c01   0x18  Code  Gb  main.o [1]
std::numpunct<char>::~numpunct() [subobject]
                             0x4c97    0x8  Code  Gb  main.o [1]
std::operator &(std::_Iosb<int>::_Fmtflags, std::_Iosb<int>::_Fmtflags)
                             0x3313    0x6  Code  Gb  main.o [1]
std::operator |=(std::_Iosb<int>::_Iostate &, std::_Iosb<int>::_Iostate)
                             0x3f57    0x8  Code  Gb  main.o [1]
std::ostream & std::endl<char, std::char_traits<char>>(std::ostream &)
                             0x4a25   0x2e  Code  Gb  main.o [1]
std::ostream::_Flush_sentry::_Flush_sentry(std::ostream&)
                             0x4045   0x28  Code  Gb  main.o [1]
std::ostream::_Flush_sentry::_Flush_sentry(std::ostream&) [subobject]
                             0x3f95    0x8  Code  Gb  main.o [1]
std::ostream::_Flush_sentry::operator bool() const
                             0x3efd    0x4  Code  Gb  main.o [1]
std::ostream::_Flush_sentry::~_Flush_sentry()
                             0x4077   0x14  Code  Gb  main.o [1]
std::ostream::_Flush_sentry::~_Flush_sentry() [subobject]
                             0x403d    0x8  Code  Gb  main.o [1]
std::ostream::_Osfx()        0x409b   0x54  Code  Gb  main.o [1]
std::ostream::_Sentry_base::_Sentry_base(std::ostream&)
                             0x4105   0x48  Code  Gb  main.o [1]
std::ostream::_Sentry_base::_Sentry_base(std::ostream&) [subobject]
                             0x4093    0x8  Code  Gb  main.o [1]
std::ostream::_Sentry_base::~_Sentry_base()
                             0x414d   0x46  Code  Gb  main.o [1]
std::ostream::_Sentry_base::~_Sentry_base() [subobject]
                             0x40ef    0x8  Code  Gb  main.o [1]
std::ostream::flush()        0x3fb5   0x54  Code  Gb  main.o [1]
std::ostream::operator <<(std::ostream&(*)(std::ostream&))
                             0x4403    0x6  Code  Gb  main.o [1]
std::ostream::operator <<(unsigned long long)
                             0x3de5   0xa6  Code  Gb  main.o [1]
std::ostream::put(char)
                             0x46d7   0x76  Code  Gb  main.o [1]
std::ostream::sentry::sentry(std::ostream&)
                             0x3e8b   0x72  Code  Gb  main.o [1]
std::ostream::sentry::~sentry()
                             0x3f87    0xe  Code  Gb  main.o [1]
std::ostream::~basic_ostream()
                             0x4c9f    0xe  Code  Gb  iostream_cout.o [3]
std::ostreambuf_iterator<char, std::char_traits<char>>::failed() const
                             0x3f53    0x4  Code  Gb  main.o [1]
std::ostreambuf_iterator<char, std::char_traits<char>>::operator *()
                             0x36ed    0x2  Code  Gb  main.o [1]
std::ostreambuf_iterator<char, std::char_traits<char>>::operator ++()
                             0x371d    0x2  Code  Gb  main.o [1]
std::ostreambuf_iterator<char, std::char_traits<char>>::operator =(char)
                             0x36ef   0x2e  Code  Gb  main.o [1]
std::ostreambuf_iterator<char, std::char_traits<char>>::ostreambuf_iterator(std::streambuf *)
                             0x3f2b    0x8  Code  Gb  main.o [1]
std::remove_reference<char *&>::type && std::move<char *&>(char *& &&)
                             0x3aab    0x2  Code  Gb  main.o [1]
std::streambuf::_Lock()
                             0x24eb    0x2  Code  Gb  iostream_cout.o [3]
std::streambuf::_Pnavail() const
                             0x3b2b   0x18  Code  Gb  main.o [1]
std::streambuf::_Pninc()
                             0x3b43    0xe  Code  Gb  main.o [1]
std::streambuf::_Unlock()
                             0x2917    0x2  Code  Gb  iostream_cout.o [3]
std::streambuf::overflow(int)
                             0x246f    0x6  Code  Gb  iostream_cout.o [3]
std::streambuf::pubsync()
                             0x406d    0xa  Code  Gb  main.o [1]
std::streambuf::sputc(char)
                             0x39df   0x32  Code  Gb  main.o [1]
std::streambuf::sync()       0x4ced    0x4  Code  Gb  iostream_cout.o [3]
std::string::_Chassign(unsigned int, unsigned int, char)
                             0x3691   0x2a  Code  Gb  main.o [1]
std::string::_Copy(unsigned int, unsigned int)
                             0x387b   0xd6  Code  Gb  main.o [1]
std::string::_Eos(unsigned int)
                             0x36bb   0x28  Code  Gb  main.o [1]
std::string::_Grow(unsigned int, bool)
                             0x3605   0x7a  Code  Gb  main.o [1]
std::string::_Inside(char const *)
                             0x4843   0x32  Code  Gb  main.o [1]
std::string::_Tidy(bool, unsigned int)
                             0x350d   0x7a  Code  Gb  main.o [1]
std::string::assign(char const *)
                             0x4b55   0x18  Code  Gb  main.o [1]
std::string::assign(char const *, unsigned int)
                             0x47f1   0x52  Code  Gb  main.o [1]
std::string::assign(const std::string&, unsigned int, unsigned int)
                             0x45cd   0x7c  Code  Gb  main.o [1]
std::string::assign(unsigned int, char)
                             0x3587   0x3a  Code  Gb  main.o [1]
std::string::basic_string(char const *)
                             0x4b31   0x24  Code  Gb  main.o [1]
std::string::basic_string(unsigned int, char)
                             0x3339   0x2a  Code  Gb  main.o [1]
std::string::erase(unsigned int)
                             0x4649   0x22  Code  Gb  main.o [1]
std::string::erase(unsigned int, unsigned int)
                             0x466b   0x6c  Code  Gb  main.o [1]
std::string::insert(unsigned int, unsigned int, char)
                             0x33d1   0x96  Code  Gb  main.o [1]
std::string::max_size() const
                             0x3863   0x18  Code  Gb  main.o [1]
std::string::operator [](unsigned int)
                             0x3363    0xc  Code  Gb  main.o [1]
std::string::operator [](unsigned int) const
                             0x33bb    0xc  Code  Gb  main.o [1]
std::string::size() const
                             0x3467    0xa  Code  Gb  main.o [1]
std::string::~basic_string()
                             0x34d9   0x12  Code  Gb  main.o [1]
std::vector<unsigned long long, std::allocator<unsigned long long>>::_Destroy(unsigned long long *, unsigned long long *)
                             0x4519   0x16  Code  Gb  main.o [1]
std::vector<unsigned long long, std::allocator<unsigned long long>>::_Tidy()
                             0x4457   0x7a  Code  Gb  main.o [1]
std::vector<unsigned long long, std::allocator<unsigned long long>>::begin()
                             0x43cb   0x20  Code  Gb  main.o [1]
std::vector<unsigned long long, std::allocator<unsigned long long>>::vector()
                             0x43ad   0x10  Code  Gb  main.o [1]
std::vector<unsigned long long, std::allocator<unsigned long long>>::~vector()
                             0x4409    0xe  Code  Gb  main.o [1]
strchr                       0x2459         Code  Gb  strchr.o [5]
strlen                       0x24b5         Code  Gb  strlen.o [5]
sys_alloc                     0x601  0x164  Code  Lc  dlmalloc.o [2]
sys_trim                      0x765   0x64  Code  Lc  dlmalloc.o [2]
tmalloc_large                 0x7d5  0x386  Code  Lc  dlmalloc.o [2]
tmalloc_small                 0xb5b  0x200  Code  Lc  dlmalloc.o [2]
ttio_guard              0x2000'02df    0x1  Data  Lc  XShttio.o [2]
void std::_Deallocate<char>(char *, unsigned int)
                             0x3b6b    0x8  Code  Gb  main.o [1]
void std::_Deallocate<unsigned long long>(unsigned long long *, unsigned int)
                             0x45c3    0x8  Code  Gb  main.o [1]
void std::_Destroy_range<std::_Wrap_alloc<std::allocator<unsigned long long>>>(std::_Wrap_alloc<std::allocator<unsigned long long>>::pointer, std::_Wrap_alloc<std::allocator<unsigned long long>>::pointer, std::_Wrap_alloc<std::allocator<unsigned long long>>&)
                             0x4579   0x1e  Code  Gb  main.o [1]
void std::_Destroy_range<std::_Wrap_alloc<std::allocator<unsigned long long>>>(std::_Wrap_alloc<std::allocator<unsigned long long>>::pointer, std::_Wrap_alloc<std::allocator<unsigned long long>>::pointer, std::_Wrap_alloc<std::allocator<unsigned long long>>&, std::_Scalar_ptr_iterator_tag)
                             0x45c1    0x2  Code  Gb  main.o [1]
void std::_Wrap_alloc<std::allocator<char>>::construct<char *, char *>(char * *, char * &&...)
                             0x3aad   0x18  Code  Gb  main.o [1]
void std::_Wrap_alloc<std::allocator<char>>::destroy<char *>(char * *)
                             0x375b    0x8  Code  Gb  main.o [1]
void std::allocator<char>::construct<char *, char *>(char * *, char * &&...)
                             0x3c8d   0x20  Code  Gb  main.o [1]
void std::allocator<char>::destroy<char *>(char * *)
                             0x3b69    0x2  Code  Gb  main.o [1]
void std::allocator_traits<std::allocator<char>>::construct<char *, char *>(std::allocator<char>&, char * *, char * &&...)
                             0x3c03   0x18  Code  Gb  main.o [1]
void std::allocator_traits<std::allocator<char>>::destroy<char *>(std::allocator<char>&, char * *)
                             0x3a4f    0x8  Code  Gb  main.o [1]
void std::numpunct<char>::_Getvals<char>(char)
                             0x3c5b   0x1a  Code  Gb  main.o [1]


[1] = C:\Users\Administrator\Desktop\Embeded\Projects\March 2\Debug\Obj
[2] = dl7M_tln.a
[3] = dlpp7M_tl_nc.a
[4] = m7M_tl.a
[5] = rt7M_tl.a
[6] = shb_l.a

  19 202 bytes of readonly  code memory
     494 bytes of readonly  data memory
   4 228 bytes of readwrite data memory

Errors: none
Warnings: none
