###############################################################################
#
# IAR ELF Linker V8.32.2.178/W32 for ARM                  06/Jan/2019  16:24:57
# Copyright 2007-2018 IAR Systems AB.
#
#    Output file  =  
#        C:\Users\Administrator\Desktop\Embeded\Projects\Jan_6\Debug\Exe\Embedded_System_Basics.out
#    Map file     =  
#        C:\Users\Administrator\Desktop\Embeded\Projects\Jan_6\Debug\List\Embedded_System_Basics.map
#    Command line =  
#        -f C:\Users\ADMINI~1\AppData\Local\Temp\EWC5B4.tmp
#        (C:\Users\Administrator\Desktop\Embeded\Projects\Jan_6\Debug\Obj\bsp.o
#        C:\Users\Administrator\Desktop\Embeded\Projects\Jan_6\Debug\Obj\GPIO.o
#        C:\Users\Administrator\Desktop\Embeded\Projects\Jan_6\Debug\Obj\main.o
#        C:\Users\Administrator\Desktop\Embeded\Projects\Jan_6\Debug\Obj\Periodic_Interrupt.o
#        C:\Users\Administrator\Desktop\Embeded\Projects\Jan_6\Debug\Obj\PLL.o
#        C:\Users\Administrator\Desktop\Embeded\Projects\Jan_6\Debug\Obj\PortF_Interrupt.o
#        C:\Users\Administrator\Desktop\Embeded\Projects\Jan_6\Debug\Obj\startup_tm4c.o
#        C:\Users\Administrator\Desktop\Embeded\Projects\Jan_6\Debug\Obj\Systick.o
#        --no_out_extension -o
#        C:\Users\Administrator\Desktop\Embeded\Projects\Jan_6\Debug\Exe\Embedded_System_Basics.out
#        --redirect _Printf=_PrintfFullNoMb --redirect _Scanf=_ScanfFullNoMb
#        --map
#        C:\Users\Administrator\Desktop\Embeded\Projects\Jan_6\Debug\List\Embedded_System_Basics.map
#        --config "C:\Program Files (x86)\IAR Systems\Embedded Workbench
#        8.2_2\arm\config\linker\TexasInstruments\TM4C123GH6.icf" --semihosting
#        --entry __iar_program_start --vfe --text_out locale)
#
###############################################################################

*******************************************************************************
*** RUNTIME MODEL ATTRIBUTES
***

CppFlavor       = *
__SystemLibrary = DLib
__dlib_version  = 6


*******************************************************************************
*** HEAP SELECTION
***

The basic heap was selected because no calls to memory allocation
functions were found in the application outside of system library
functions, and there are calls to deallocation functions in the
application.


*******************************************************************************
*** PLACEMENT SUMMARY
***

"A0":  place at 0x0 { ro section .intvec };
"P1":  place in [from 0x0 to 0x3'ffff] { ro };
define block CSTACK with size = 4K, alignment = 8 { };
define block HEAP with size = 8K, alignment = 8 { };
"P2":  place in [from 0x2000'0000 to 0x2000'7fff] {
          rw, block CSTACK, block HEAP };

No sections matched the following patterns:

  rw  in "P2"


  Section   Kind         Address    Size  Object
  -------   ----         -------    ----  ------
"A0":                              0x210
  .intvec   const            0x0   0x210  startup_tm4c.o [1]
                         - 0x210   0x210

"P1":                              0x674
  .text     ro code        0x210   0x2e8  GPIO.o [1]
  .text     ro code        0x4f8    0xf8  PortF_Interrupt.o [1]
  .text     ro code        0x5f0    0x74  bsp.o [1]
  .text     ro code        0x664    0x1c  Periodic_Interrupt.o [1]
  .text     ro code        0x680    0x6c  PLL.o [1]
  .text     ro code        0x6ec    0x68  main.o [1]
  .text     ro code        0x754    0x28  Systick.o [1]
  .text     ro code        0x77c    0x54  startup_tm4c.o [1]
  .text     ro code        0x7d0    0x22  fpinit_M.o [3]
  .text     ro code        0x7f4    0x1e  cmain.o [4]
  .text     ro code        0x812     0x4  low_level_init.o [2]
  .text     ro code        0x816     0x4  exit.o [2]
  .text     ro code        0x81c     0xa  cexit.o [4]
  .text     ro code        0x828    0x14  exit.o [5]
  .rodata   const          0x83c     0xc  startup_tm4c.o [1]
  .rodata   const          0x848     0xc  startup_tm4c.o [1]
  .rodata   const          0x854     0xc  startup_tm4c.o [1]
  .rodata   const          0x860     0xc  startup_tm4c.o [1]
  .text     ro code        0x86c     0xc  cstartup_M.o [4]
  .rodata   const          0x878     0x8  startup_tm4c.o [1]
  .rodata   const          0x880     0x4  startup_tm4c.o [1]
                         - 0x884   0x674

"P2":                             0x1000
  CSTACK             0x2000'0000  0x1000  <Block>
    CSTACK  uninit   0x2000'0000  0x1000  <Block tail>
                   - 0x2000'1000  0x1000

Unused ranges:

         From           To      Size
         ----           --      ----
        0x884     0x3'ffff  0x3'f77c
  0x2000'1000  0x2000'7fff    0x7000



*******************************************************************************
*** MODULE SUMMARY
***

    Module                ro code  ro data  rw data
    ------                -------  -------  -------
command line/config:
    -----------------------------------------------
    Total:

C:\Users\Administrator\Desktop\Embeded\Projects\Jan_6\Debug\Obj: [1]
    GPIO.o                    744
    PLL.o                     108
    Periodic_Interrupt.o       28
    PortF_Interrupt.o         248
    Systick.o                  40
    bsp.o                     116
    main.o                    104
    startup_tm4c.o             84      588
    -----------------------------------------------
    Total:                  1 472      588

dl7M_tln.a: [2]
    exit.o                      4
    low_level_init.o            4
    -----------------------------------------------
    Total:                      8

m7M_tls.a: [3]
    fpinit_M.o                 34
    -----------------------------------------------
    Total:                     34

rt7M_tl.a: [4]
    cexit.o                    10
    cmain.o                    30
    cstartup_M.o               12
    -----------------------------------------------
    Total:                     52

shb_l.a: [5]
    exit.o                     20
    -----------------------------------------------
    Total:                     20

    Gaps                        6
    Linker created                            4 096
---------------------------------------------------
    Grand Total:            1 592      588    4 096


*******************************************************************************
*** ENTRY LIST
***

Entry                       Address   Size  Type      Object
-----                       -------   ----  ----      ------
?main                         0x7f5         Code  Gb  cmain.o [4]
BusFault_Handler              0x79b    0xa  Code  Gb  startup_tm4c.o [1]
CSTACK$$Base            0x2000'0000          --   Gb  - Linker created -
CSTACK$$Limit           0x2000'1000         Data  Gb  - Linker created -
EnableInterrupts              0x661    0x4  Code  Gb  bsp.o [1]
GPIOPortA_IRQHandler          0x62f   0x18  Code  Gb  bsp.o [1]
GPIOPortE_IRQHandler          0x617   0x18  Code  Gb  bsp.o [1]
GPIOPortF_IRQHandler          0x609    0xe  Code  Gb  bsp.o [1]
GPIO_Port_DIGITAL_Init        0x211  0x2e8  Code  Gb  GPIO.o [1]
HardFault_Handler             0x77d    0xa  Code  Gb  startup_tm4c.o [1]
MemManage_Handler             0x791    0xa  Code  Gb  startup_tm4c.o [1]
NMI_Handler                   0x787    0xa  Code  Gb  startup_tm4c.o [1]
PLL_Init                      0x681   0x6c  Code  Gb  PLL.o [1]
Region$$Table$$Base             0x0          --   Gb  - Linker created -
Region$$Table$$Limit            0x0          --   Gb  - Linker created -
SysTick_Handler               0x5fd    0xc  Code  Gb  bsp.o [1]
SysTick_Init                  0x755   0x28  Code  Gb  Systick.o [1]
Unused_Handler                0x7af    0xa  Code  Gb  startup_tm4c.o [1]
UsageFault_Handler            0x7a5    0xa  Code  Gb  startup_tm4c.o [1]
__cmain                       0x7f5         Code  Gb  cmain.o [4]
__exit                        0x829   0x14  Code  Gb  exit.o [5]
__iar_init_vfp                0x7d1         Code  Gb  fpinit_M.o [3]
__iar_program_start           0x86d         Code  Gb  cstartup_M.o [4]
__low_level_init              0x813    0x4  Code  Gb  low_level_init.o [2]
__vector_table                  0x0  0x210  Data  Gb  startup_tm4c.o [1]
_call_main                    0x801         Code  Gb  cmain.o [4]
_exit                         0x81d         Code  Gb  cexit.o [4]
_main                         0x80f         Code  Gb  cmain.o [4]
assert_failed                 0x5f1    0xc  Code  Gb  bsp.o [1]
disable_periodic_interrupt
                              0x671    0xc  Code  Gb  Periodic_Interrupt.o [1]
enable_periodic_interrupt
                              0x665    0xc  Code  Gb  Periodic_Interrupt.o [1]
enable_portA_interrupt        0x565   0x38  Code  Gb  PortF_Interrupt.o [1]
enable_portE_interrupt        0x52d   0x38  Code  Gb  PortF_Interrupt.o [1]
enable_portF_interrupt        0x4f9   0x34  Code  Gb  PortF_Interrupt.o [1]
exit                          0x817    0x4  Code  Gb  exit.o [2]
main                          0x6ed   0x68  Code  Gb  main.o [1]


[1] = C:\Users\Administrator\Desktop\Embeded\Projects\Jan_6\Debug\Obj
[2] = dl7M_tln.a
[3] = m7M_tls.a
[4] = rt7M_tl.a
[5] = shb_l.a

  1 592 bytes of readonly  code memory
    588 bytes of readonly  data memory
  4 096 bytes of readwrite data memory

Errors: none
Warnings: none
