###############################################################################
#
# IAR ELF Linker V8.32.2.178/W32 for ARM                  11/Jul/2019  13:01:37
# Copyright 2007-2018 IAR Systems AB.
#
#    Output file  =  
#        C:\Users\Administrator\Desktop\Embeded\Projects\Phased_Array3\Debug\Exe\Phased_Array.out
#    Map file     =  
#        C:\Users\Administrator\Desktop\Embeded\Projects\Phased_Array3\Debug\List\Phased_Array.map
#    Command line =  
#        -f C:\Users\ADMINI~1\AppData\Local\Temp\EW90D1.tmp
#        (C:\Users\Administrator\Desktop\Embeded\Projects\Phased_Array3\Debug\Obj\main.o
#        --no_out_extension -o
#        C:\Users\Administrator\Desktop\Embeded\Projects\Phased_Array3\Debug\Exe\Phased_Array.out
#        --redirect _Printf=_PrintfFullNoMb --redirect _Scanf=_ScanfFullNoMb
#        --map
#        C:\Users\Administrator\Desktop\Embeded\Projects\Phased_Array3\Debug\List\Phased_Array.map
#        --config "C:\Program Files (x86)\IAR Systems\Embedded Workbench
#        8.2_2\arm\config\linker\TexasInstruments\TM4C123GH6.icf" --semihosting
#        --entry __iar_program_start --vfe --text_out locale)
#
###############################################################################

*******************************************************************************
*** RUNTIME MODEL ATTRIBUTES
***

CppFlavor       = *
__Heap_Handler  = DLMalloc
__SystemLibrary = DLib
__dlib_version  = 6


*******************************************************************************
*** HEAP SELECTION
***

The advanced heap was selected because the application calls memory
allocation functions outside of system library functions, and there
are calls to deallocation functions in the application.


*******************************************************************************
*** PLACEMENT SUMMARY
***

"A0":  place at 0x0 { ro section .intvec };
"P1":  place in [from 0x0 to 0x3'ffff] { ro };
define block CSTACK with size = 1K, alignment = 8 { };
define block HEAP with size = 1K, alignment = 8 { };
"P2":  place in [from 0x2000'0000 to 0x2000'7fff] {
          rw, block CSTACK, block HEAP };

  Section          Kind         Address    Size  Object
  -------          ----         -------    ----  ------
"A0":                                      0x40
  .intvec          ro code          0x0    0x40  vector_table_M.o [3]
                                 - 0x40    0x40

"P1":                                    0x11ae
  .text            ro code         0x40   0xf80  dlmalloc.o [2]
  .text            ro code        0xfc0     0x6  abort.o [2]
  .text            ro code        0xfc6    0x3a  zero_init3.o [3]
  .text            ro code       0x1000    0x2c  xgetmemchunk.o [2]
  .text            ro code       0x102c    0x14  exit.o [4]
  .text            ro code       0x1040   0x124  main.o [1]
  .text            ro code       0x1164    0x12  vla_alloc.o [2]
  .text            ro code       0x1176     0x2  vector_table_M.o [3]
  .text            ro code       0x1178    0x28  data_init.o [3]
  .iar.init_table  const         0x11a0    0x10  - Linker created -
  .text            ro code       0x11b0    0x1e  cmain.o [3]
  .text            ro code       0x11ce     0x4  low_level_init.o [2]
  .text            ro code       0x11d2     0x4  exit.o [2]
  .text            ro code       0x11d8     0xa  cexit.o [3]
  .text            ro code       0x11e2     0xc  cstartup_M.o [3]
  .rodata          const         0x11ee     0x0  zero_init3.o [3]
                               - 0x11ee  0x11ae

"P2", part 1 of 2:                        0x1f4
  .bss             zero     0x2000'0000   0x1d8  dlmalloc.o [2]
  .bss             zero     0x2000'01d8    0x18  dlmalloc.o [2]
  .bss             zero     0x2000'01f0     0x4  xgetmemchunk.o [2]
                          - 0x2000'01f4   0x1f4

"P2", part 2 of 2:                        0x800
  CSTACK                    0x2000'01f8   0x400  <Block>
    CSTACK         uninit   0x2000'01f8   0x400  <Block tail>
  HEAP                      0x2000'05f8   0x400  <Block>
    HEAP           uninit   0x2000'05f8   0x400  <Block tail>
                          - 0x2000'09f8   0x800

Unused ranges:

         From           To      Size
         ----           --      ----
       0x11ee     0x3'ffff  0x3'ee12
  0x2000'01f4  0x2000'01f7       0x4
  0x2000'09f8  0x2000'7fff    0x7608


*******************************************************************************
*** INIT TABLE
***

          Address      Size
          -------      ----
Zero (__iar_zero_init3)
    1 destination range, total size 0x1f4:
          0x2000'0000  0x1f4



*******************************************************************************
*** MODULE SUMMARY
***

    Module            ro code  ro data  rw data
    ------            -------  -------  -------
command line/config:
    -------------------------------------------
    Total:

C:\Users\Administrator\Desktop\Embeded\Projects\Phased_Array3\Debug\Obj: [1]
    main.o                292
    -------------------------------------------
    Total:                292

dl7M_tln.a: [2]
    abort.o                 6
    dlmalloc.o          3 968               496
    exit.o                  4
    low_level_init.o        4
    vla_alloc.o            18
    xgetmemchunk.o         44                 4
    -------------------------------------------
    Total:              4 044               500

rt7M_tl.a: [3]
    cexit.o                10
    cmain.o                30
    cstartup_M.o           12
    data_init.o            40
    vector_table_M.o       66
    zero_init3.o           58
    -------------------------------------------
    Total:                216

shb_l.a: [4]
    exit.o                 20
    -------------------------------------------
    Total:                 20

    Gaps                    2
    Linker created                  16    2 048
-----------------------------------------------
    Grand Total:        4 574       16    2 548


*******************************************************************************
*** ENTRY LIST
***

Entry                       Address   Size  Type      Object
-----                       -------   ----  ----      ------
.iar.init_table$$Base        0x11a0          --   Gb  - Linker created -
.iar.init_table$$Limit       0x11b0          --   Gb  - Linker created -
?main                        0x11b1         Code  Gb  cmain.o [3]
CSTACK$$Base            0x2000'01f8          --   Gb  - Linker created -
CSTACK$$Limit           0x2000'05f8          --   Gb  - Linker created -
HEAP$$Base              0x2000'05f8          --   Gb  - Linker created -
HEAP$$Limit             0x2000'09f8          --   Gb  - Linker created -
Region$$Table$$Base          0x11a0          --   Gb  - Linker created -
Region$$Table$$Limit         0x11b0          --   Gb  - Linker created -
__cmain                      0x11b1         Code  Gb  cmain.o [3]
__data_GetMemChunk           0x1001   0x2c  Code  Gb  xgetmemchunk.o [2]
__data_GetMemChunk::start
                        0x2000'01f0    0x4  Data  Lc  xgetmemchunk.o [2]
__exit                       0x102d   0x14  Code  Gb  exit.o [4]
__iar_data_init3             0x1179   0x28  Code  Gb  data_init.o [3]
__iar_dlmalloc                0xd05  0x2b6  Code  Gb  dlmalloc.o [2]
__iar_program_start          0x11e3         Code  Gb  cstartup_M.o [3]
__iar_vla_alloc2             0x1165   0x12  Code  Gb  vla_alloc.o [2]
__iar_zero_init3              0xfc7   0x3a  Code  Gb  zero_init3.o [3]
__low_level_init             0x11cf    0x4  Code  Gb  low_level_init.o [2]
__vector_table                  0x0         Data  Gb  vector_table_M.o [3]
_call_main                   0x11bd         Code  Gb  cmain.o [3]
_exit                        0x11d9         Code  Gb  cexit.o [3]
_gm_                    0x2000'0000  0x1d8  Data  Lc  dlmalloc.o [2]
_main                        0x11cb         Code  Gb  cmain.o [3]
abort                         0xfc1    0x6  Code  Gb  abort.o [2]
add_segment                   0x409  0x1f2  Code  Lc  dlmalloc.o [2]
exit                         0x11d3    0x4  Code  Gb  exit.o [2]
init_mparams                   0x5b   0x32  Code  Lc  dlmalloc.o [2]
init_top                       0x8d   0x36  Code  Lc  dlmalloc.o [2]
main                         0x1041  0x124  Code  Gb  main.o [1]
mparams                 0x2000'01d8   0x18  Data  Lc  dlmalloc.o [2]
prepend_alloc                  0xc3  0x346  Code  Lc  dlmalloc.o [2]
segment_holding                0x41   0x1a  Code  Lc  dlmalloc.o [2]
sys_alloc                     0x601  0x164  Code  Lc  dlmalloc.o [2]
tmalloc_large                 0x771  0x386  Code  Lc  dlmalloc.o [2]
tmalloc_small                 0xaf7  0x200  Code  Lc  dlmalloc.o [2]


[1] = C:\Users\Administrator\Desktop\Embeded\Projects\Phased_Array3\Debug\Obj
[2] = dl7M_tln.a
[3] = rt7M_tl.a
[4] = shb_l.a

  4 574 bytes of readonly  code memory
     16 bytes of readonly  data memory
  2 548 bytes of readwrite data memory

Errors: none
Warnings: none
