###############################################################################
#
# IAR ELF Linker V8.20.2.14835/W32 for ARM                04/Sep/2018  15:29:18
# Copyright 2007-2017 IAR Systems AB.
#
#    Output file  =  C:\embedded_programming\lesson18\Debug\Exe\c.out
#    Map file     =  C:\embedded_programming\lesson18\Debug\List\c.map
#    Command line =  
#        -f C:\Users\miro\AppData\Local\Temp\EW4E6C.tmp
#        (C:\embedded_programming\lesson18\Debug\Obj\bsp.o
#        C:\embedded_programming\lesson18\Debug\Obj\main.o
#        C:\embedded_programming\lesson18\Debug\Obj\startup_tm4c.o -o
#        C:\embedded_programming\lesson18\Debug\Exe\c.out --redirect
#        _Printf=_PrintfFullNoMb --redirect _Scanf=_ScanfFullNoMb --map
#        C:\embedded_programming\lesson18\Debug\List\c.map --config
#        C:\embedded_programming\lesson18\project.icf --entry
#        __iar_program_start
#        C:\tools\IAR\ARM_KS_8.20\arm\CMSIS\Lib\IAR\iar_cortexM4lf_math.a --vfe
#        --text_out locale)
#
###############################################################################

*******************************************************************************
*** RUNTIME MODEL ATTRIBUTES
***

CppFlavor       = *
__SystemLibrary = DLib
__dlib_version  = 6


*******************************************************************************
*** HEAP SELECTION
***

The basic heap was selected because some modules are built with
size limitations (and not runtime checking), and --advanced_heap
was not specified.


*******************************************************************************
*** PLACEMENT SUMMARY
***

"A0":  place at 0x00000000 { ro section .intvec };
"P1":  place in [from 0x00000000 to 0x0003ffff] { ro };
define block CSTACK with size = 1K, alignment = 8 { };
define block HEAP with size = 0M, alignment = 8 { };
"P2":  place in [from 0x20000000 to 0x20007fff] {
          rw, block CSTACK, block HEAP };

No sections matched the following patterns:

  rw  in "P2"


  Section   Kind        Address   Size  Object
  -------   ----        -------   ----  ------
"A0":                            0x26c
  .intvec   const    0x00000000  0x26c  startup_tm4c.o [1]
                   - 0x0000026c  0x26c

"P1":                            0x1b4
  .text     ro code  0x0000026c   0x7c  main.o [1]
  .text     ro code  0x000002e8   0x3c  bsp.o [1]
  .text     ro code  0x00000324   0x54  startup_tm4c.o [1]
  .text     ro code  0x00000378   0x22  fpinit_M.o [4]
  .text     ro code  0x0000039c   0x1e  cmain.o [5]
  .text     ro code  0x000003ba    0x4  low_level_init.o [3]
  .text     ro code  0x000003be    0x4  exit.o [3]
  .text     ro code  0x000003c4    0xa  cexit.o [5]
  .text     ro code  0x000003d0    0xc  XXexit.o [5]
  .rodata   const    0x000003dc    0xc  startup_tm4c.o [1]
  .rodata   const    0x000003e8    0xc  startup_tm4c.o [1]
  .rodata   const    0x000003f4    0xc  startup_tm4c.o [1]
  .rodata   const    0x00000400    0xc  startup_tm4c.o [1]
  .text     ro code  0x0000040c    0xc  cstartup_M.o [5]
  .rodata   const    0x00000418    0x8  startup_tm4c.o [1]
                   - 0x00000420  0x1b4

"P2":                            0x400
  CSTACK             0x20000000  0x400  <Block>
    CSTACK  uninit   0x20000000  0x400  <Block tail>
                   - 0x20000400  0x400



*******************************************************************************
*** MODULE SUMMARY
***

    Module            ro code  ro data  rw data
    ------            -------  -------  -------
C:\embedded_programming\lesson18\Debug\Obj: [1]
    bsp.o                  60
    main.o                124
    startup_tm4c.o         84      676
    -------------------------------------------
    Total:                268      676

command line: [2]
    -------------------------------------------
    Total:

dl7M_tln.a: [3]
    exit.o                  4
    low_level_init.o        4
    -------------------------------------------
    Total:                  8

m7M_tls.a: [4]
    fpinit_M.o             34
    -------------------------------------------
    Total:                 34

rt7M_tl.a: [5]
    XXexit.o               12
    cexit.o                10
    cmain.o                30
    cstartup_M.o           12
    -------------------------------------------
    Total:                 64

    Gaps                    6
    Linker created                        1 024
-----------------------------------------------
    Grand Total:          380      676    1 024


*******************************************************************************
*** ENTRY LIST
***

Entry                      Address   Size  Type      Object
-----                      -------   ----  ----      ------
?main                   0x0000039d         Code  Gb  cmain.o [5]
BusFault_Handler        0x00000343    0xa  Code  Gb  startup_tm4c.o [1]
CSTACK$$Base            0x20000000          --   Gb  - Linker created -
CSTACK$$Limit           0x20000400         Data  Gb  - Linker created -
HardFault_Handler       0x00000325    0xa  Code  Gb  startup_tm4c.o [1]
MemManage_Handler       0x00000339    0xa  Code  Gb  startup_tm4c.o [1]
NMI_Handler             0x0000032f    0xa  Code  Gb  startup_tm4c.o [1]
NVIC_SystemReset        0x000002e9   0x1c  Code  Lc  bsp.o [1]
Region$$Table$$Base     0x00000000          --   Gb  - Linker created -
Region$$Table$$Limit    0x00000000          --   Gb  - Linker created -
SysTick_Handler         0x0000030b    0xe  Code  Gb  bsp.o [1]
Unused_Handler          0x00000357    0xa  Code  Gb  startup_tm4c.o [1]
UsageFault_Handler      0x0000034d    0xa  Code  Gb  startup_tm4c.o [1]
__cmain                 0x0000039d         Code  Gb  cmain.o [5]
__exit                  0x000003d1         Code  Gb  XXexit.o [5]
__iar_init_vfp          0x00000379         Code  Gb  fpinit_M.o [4]
__iar_program_start     0x0000040d         Code  Gb  cstartup_M.o [5]
__iar_systems$$module {Abs}
                        0x00000001         Data  Gb  command line/config [2]
__low_level_init        0x000003bb    0x4  Code  Gb  low_level_init.o [3]
__vector_table          0x00000000  0x26c  Data  Gb  startup_tm4c.o [1]
_call_main              0x000003a9         Code  Gb  cmain.o [5]
_exit                   0x000003c5         Code  Gb  cexit.o [5]
_main                   0x000003b7         Code  Gb  cmain.o [5]
assert_failed           0x00000305    0x6  Code  Gb  bsp.o [1]
exit                    0x000003bf    0x4  Code  Gb  exit.o [3]
main                    0x0000026d   0x7c  Code  Gb  main.o [1]


[1] = C:\embedded_programming\lesson18\Debug\Obj
[2] = command line
[3] = dl7M_tln.a
[4] = m7M_tls.a
[5] = rt7M_tl.a

    380 bytes of readonly  code memory
    676 bytes of readonly  data memory
  1 024 bytes of readwrite data memory

Errors: none
Warnings: none
