###############################################################################
#
# IAR ELF Linker V8.32.2.178/W32 for ARM                  10/Jul/2019  08:40:29
# Copyright 2007-2018 IAR Systems AB.
#
#    Output file  =  
#        C:\Users\Administrator\Desktop\Embeded\Projects\Jan_6\Debug\Exe\Embedded_System_Basics.out
#    Map file     =  
#        C:\Users\Administrator\Desktop\Embeded\Projects\Jan_6\Debug\List\Embedded_System_Basics.map
#    Command line =  
#        -f C:\Users\ADMINI~1\AppData\Local\Temp\EW2A31.tmp
#        (C:\Users\Administrator\Desktop\Embeded\Projects\Jan_6\Debug\Obj\bsp.o
#        C:\Users\Administrator\Desktop\Embeded\Projects\Jan_6\Debug\Obj\GPIO.o
#        C:\Users\Administrator\Desktop\Embeded\Projects\Jan_6\Debug\Obj\main.o
#        C:\Users\Administrator\Desktop\Embeded\Projects\Jan_6\Debug\Obj\Periodic_Interrupt.o
#        C:\Users\Administrator\Desktop\Embeded\Projects\Jan_6\Debug\Obj\PLL.o
#        C:\Users\Administrator\Desktop\Embeded\Projects\Jan_6\Debug\Obj\PortF_Interrupt.o
#        C:\Users\Administrator\Desktop\Embeded\Projects\Jan_6\Debug\Obj\startup_tm4c.o
#        C:\Users\Administrator\Desktop\Embeded\Projects\Jan_6\Debug\Obj\Systick.o
#        --no_out_extension -o
#        C:\Users\Administrator\Desktop\Embeded\Projects\Jan_6\Debug\Exe\Embedded_System_Basics.out
#        --redirect _Printf=_PrintfFullNoMb --redirect _Scanf=_ScanfFullNoMb
#        --map
#        C:\Users\Administrator\Desktop\Embeded\Projects\Jan_6\Debug\List\Embedded_System_Basics.map
#        --config "C:\Program Files (x86)\IAR Systems\Embedded Workbench
#        8.2_2\arm\config\linker\TexasInstruments\TM4C123GH6.icf" --semihosting
#        --entry __iar_program_start --vfe --text_out locale)
#
###############################################################################

*******************************************************************************
*** RUNTIME MODEL ATTRIBUTES
***

CppFlavor       = *
__SystemLibrary = DLib
__dlib_version  = 6


*******************************************************************************
*** HEAP SELECTION
***

The basic heap was selected because no calls to memory allocation
functions were found in the application outside of system library
functions, and there are calls to deallocation functions in the
application.


*******************************************************************************
*** PLACEMENT SUMMARY
***

"A0":  place at 0x0 { ro section .intvec };
"P1":  place in [from 0x0 to 0x3'ffff] { ro };
define block CSTACK with size = 4K, alignment = 8 { };
define block HEAP with size = 8K, alignment = 8 { };
"P2":  place in [from 0x2000'0000 to 0x2000'7fff] {
          rw, block CSTACK, block HEAP };

  Section          Kind         Address    Size  Object
  -------          ----         -------    ----  ------
"A0":                                     0x210
  .intvec          const            0x0   0x210  startup_tm4c.o [1]
                                - 0x210   0x210

"P1":                                     0x620
  .text            ro code        0x210   0x2e8  GPIO.o [1]
  .text            ro code        0x4f8    0xe0  bsp.o [1]
  .text            ro code        0x5d8    0x1c  Periodic_Interrupt.o [1]
  .text            ro code        0x5f4    0x6c  PLL.o [1]
  .text            ro code        0x660    0x54  startup_tm4c.o [1]
  .text            ro code        0x6b4    0x3a  zero_init3.o [4]
  .text            ro code        0x6f0    0x2c  main.o [1]
  .text            ro code        0x71c    0x28  Systick.o [1]
  .text            ro code        0x744    0x28  data_init.o [4]
  .text            ro code        0x76c    0x22  fpinit_M.o [3]
  .iar.init_table  const          0x790    0x10  - Linker created -
  .text            ro code        0x7a0    0x1e  cmain.o [4]
  .text            ro code        0x7be     0x4  low_level_init.o [2]
  .text            ro code        0x7c2     0x4  exit.o [2]
  .text            ro code        0x7c8     0xa  cexit.o [4]
  .text            ro code        0x7d4    0x14  exit.o [5]
  .rodata          const          0x7e8     0xc  startup_tm4c.o [1]
  .rodata          const          0x7f4     0xc  startup_tm4c.o [1]
  .rodata          const          0x800     0xc  startup_tm4c.o [1]
  .rodata          const          0x80c     0xc  startup_tm4c.o [1]
  .text            ro code        0x818     0xc  cstartup_M.o [4]
  .rodata          const          0x824     0x8  startup_tm4c.o [1]
  .rodata          const          0x82c     0x4  startup_tm4c.o [1]
  .rodata          const          0x830     0x0  zero_init3.o [4]
                                - 0x830   0x620

"P2", part 1 of 2:                          0x4
  .bss             zero     0x2000'0000     0x4  bsp.o [1]
                          - 0x2000'0004     0x4

"P2", part 2 of 2:                       0x1000
  CSTACK                    0x2000'0008  0x1000  <Block>
    CSTACK         uninit   0x2000'0008  0x1000  <Block tail>
                          - 0x2000'1008  0x1000

Unused ranges:

         From           To      Size
         ----           --      ----
        0x830     0x3'ffff  0x3'f7d0
  0x2000'0004  0x2000'0007       0x4
  0x2000'1008  0x2000'7fff    0x6ff8


*******************************************************************************
*** INIT TABLE
***

          Address      Size
          -------      ----
Zero (__iar_zero_init3)
    1 destination range, total size 0x4:
          0x2000'0000   0x4



*******************************************************************************
*** MODULE SUMMARY
***

    Module                ro code  ro data  rw data
    ------                -------  -------  -------
command line/config:
    -----------------------------------------------
    Total:

C:\Users\Administrator\Desktop\Embeded\Projects\Jan_6\Debug\Obj: [1]
    GPIO.o                    744
    PLL.o                     108
    Periodic_Interrupt.o       28
    Systick.o                  40
    bsp.o                     224                 4
    main.o                     44
    startup_tm4c.o             84      588
    -----------------------------------------------
    Total:                  1 272      588        4

dl7M_tln.a: [2]
    exit.o                      4
    low_level_init.o            4
    -----------------------------------------------
    Total:                      8

m7M_tls.a: [3]
    fpinit_M.o                 34
    -----------------------------------------------
    Total:                     34

rt7M_tl.a: [4]
    cexit.o                    10
    cmain.o                    30
    cstartup_M.o               12
    data_init.o                40
    zero_init3.o               58
    -----------------------------------------------
    Total:                    150

shb_l.a: [5]
    exit.o                     20
    -----------------------------------------------
    Total:                     20

    Gaps                        6        2
    Linker created                      16    4 096
---------------------------------------------------
    Grand Total:            1 490      606    4 100


*******************************************************************************
*** ENTRY LIST
***

Entry                       Address   Size  Type      Object
-----                       -------   ----  ----      ------
.iar.init_table$$Base         0x790          --   Gb  - Linker created -
.iar.init_table$$Limit        0x7a0          --   Gb  - Linker created -
?main                         0x7a1         Code  Gb  cmain.o [4]
BusFault_Handler              0x67f    0xa  Code  Gb  startup_tm4c.o [1]
CSTACK$$Base            0x2000'0008          --   Gb  - Linker created -
CSTACK$$Limit           0x2000'1008         Data  Gb  - Linker created -
GPIOPortA_IRQHandler          0x575   0x40  Code  Gb  bsp.o [1]
GPIOPortE_IRQHandler          0x547   0x2e  Code  Gb  bsp.o [1]
GPIOPortF_IRQHandler          0x539    0xe  Code  Gb  bsp.o [1]
GPIO_Port_DIGITAL_Init        0x211  0x2e8  Code  Gb  GPIO.o [1]
HardFault_Handler             0x661    0xa  Code  Gb  startup_tm4c.o [1]
MemManage_Handler             0x675    0xa  Code  Gb  startup_tm4c.o [1]
NMI_Handler                   0x66b    0xa  Code  Gb  startup_tm4c.o [1]
PLL_Init                      0x5f5   0x6c  Code  Gb  PLL.o [1]
Region$$Table$$Base           0x790          --   Gb  - Linker created -
Region$$Table$$Limit          0x7a0          --   Gb  - Linker created -
SysTick_Handler               0x505   0x34  Code  Gb  bsp.o [1]
SysTick_Init                  0x71d   0x28  Code  Gb  Systick.o [1]
Unused_Handler                0x693    0xa  Code  Gb  startup_tm4c.o [1]
UsageFault_Handler            0x689    0xa  Code  Gb  startup_tm4c.o [1]
__cmain                       0x7a1         Code  Gb  cmain.o [4]
__exit                        0x7d5   0x14  Code  Gb  exit.o [5]
__iar_data_init3              0x745   0x28  Code  Gb  data_init.o [4]
__iar_init_vfp                0x76d         Code  Gb  fpinit_M.o [3]
__iar_program_start           0x819         Code  Gb  cstartup_M.o [4]
__iar_zero_init3              0x6b5   0x3a  Code  Gb  zero_init3.o [4]
__low_level_init              0x7bf    0x4  Code  Gb  low_level_init.o [2]
__vector_table                  0x0  0x210  Data  Gb  startup_tm4c.o [1]
_call_main                    0x7ad         Code  Gb  cmain.o [4]
_exit                         0x7c9         Code  Gb  cexit.o [4]
_main                         0x7bb         Code  Gb  cmain.o [4]
assert_failed                 0x4f9    0xc  Code  Gb  bsp.o [1]
count                   0x2000'0000    0x4  Data  Gb  bsp.o [1]
disable_periodic_interrupt
                              0x5e5    0xc  Code  Gb  Periodic_Interrupt.o [1]
enable_periodic_interrupt
                              0x5d9    0xc  Code  Gb  Periodic_Interrupt.o [1]
exit                          0x7c3    0x4  Code  Gb  exit.o [2]
main                          0x6f1   0x2c  Code  Gb  main.o [1]


[1] = C:\Users\Administrator\Desktop\Embeded\Projects\Jan_6\Debug\Obj
[2] = dl7M_tln.a
[3] = m7M_tls.a
[4] = rt7M_tl.a
[5] = shb_l.a

  1 490 bytes of readonly  code memory
    606 bytes of readonly  data memory
  4 100 bytes of readwrite data memory

Errors: none
Warnings: none
