###############################################################################
#
# IAR ELF Linker V8.32.2.178/W32 for ARM                  16/Jul/2019  08:34:59
# Copyright 2007-2018 IAR Systems AB.
#
#    Output file  =  
#        C:\Users\Administrator\Desktop\Embeded\Projects\Phased_Array4\Debug\Exe\Phase_Array4.out
#    Map file     =  
#        C:\Users\Administrator\Desktop\Embeded\Projects\Phased_Array4\Debug\List\Phase_Array4.map
#    Command line =  
#        -f C:\Users\ADMINI~1\AppData\Local\Temp\EWAE61.tmp
#        (C:\Users\Administrator\Desktop\Embeded\Projects\Phased_Array4\Debug\Obj\main.o
#        --no_out_extension -o
#        C:\Users\Administrator\Desktop\Embeded\Projects\Phased_Array4\Debug\Exe\Phase_Array4.out
#        --redirect _Printf=_PrintfFullNoMb --redirect _Scanf=_ScanfFullNoMb
#        --map
#        C:\Users\Administrator\Desktop\Embeded\Projects\Phased_Array4\Debug\List\Phase_Array4.map
#        --config "C:\Program Files (x86)\IAR Systems\Embedded Workbench
#        8.2_2\arm\config\linker\TexasInstruments\TM4C123GH6.icf" --semihosting
#        --entry __iar_program_start --vfe --text_out locale)
#
###############################################################################

*******************************************************************************
*** RUNTIME MODEL ATTRIBUTES
***

CppFlavor       = *
__Heap_Handler  = NoFree
__SystemLibrary = DLib
__dlib_version  = 6


*******************************************************************************
*** HEAP SELECTION
***

The no free heap was selected because no calls to memory
deallocation functions were found in the application.


*******************************************************************************
*** PLACEMENT SUMMARY
***

"A0":  place at 0x0 { ro section .intvec };
"P1":  place in [from 0x0 to 0x3'ffff] { ro };
define block CSTACK with size = 1K, alignment = 8 { };
define block HEAP with size = 1K, alignment = 8 { };
"P2":  place in [from 0x2000'0000 to 0x2000'7fff] {
          rw, block CSTACK, block HEAP };

  Section          Kind         Address   Size  Object
  -------          ----         -------   ----  ------
"A0":                                     0x40
  .intvec          ro code          0x0   0x40  vector_table_M.o [4]
                                 - 0x40   0x40

"P1":                                    0x298
  .text            ro code         0x40  0x138  main.o [1]
  .text            ro code        0x178   0x48  no_free_heap0.o [2]
  .text            ro code        0x1c0   0x2c  xgetmemchunk.o [2]
  .text            ro code        0x1ec   0x3a  zero_init3.o [4]
  .text            ro code        0x226    0x2  vector_table_M.o [4]
  .text            ro code        0x228   0x28  data_init.o [4]
  .text            ro code        0x250   0x22  fpinit_M.o [3]
  .iar.init_table  const          0x274   0x10  - Linker created -
  .text            ro code        0x284   0x1e  cmain.o [4]
  .text            ro code        0x2a2    0x4  low_level_init.o [2]
  .text            ro code        0x2a6    0x4  exit.o [2]
  .text            ro code        0x2ac    0xa  cexit.o [4]
  .text            ro code        0x2b8   0x14  exit.o [5]
  .text            ro code        0x2cc    0xc  cstartup_M.o [4]
  .rodata          const          0x2d8    0x0  zero_init3.o [4]
                                - 0x2d8  0x298

"P2", part 1 of 2:                        0x58
  .bss             zero     0x2000'0000   0x28  main.o [1]
  .bss             zero     0x2000'0028   0x28  main.o [1]
  .bss             zero     0x2000'0050    0x4  no_free_heap0.o [2]
  .bss             zero     0x2000'0054    0x4  xgetmemchunk.o [2]
                          - 0x2000'0058   0x58

"P2", part 2 of 2:                       0x800
  CSTACK                    0x2000'0058  0x400  <Block>
    CSTACK         uninit   0x2000'0058  0x400  <Block tail>
  HEAP                      0x2000'0458  0x400  <Block>
    HEAP           uninit   0x2000'0458  0x400  <Block tail>
                          - 0x2000'0858  0x800

Unused ranges:

         From           To      Size
         ----           --      ----
        0x2d8     0x3'ffff  0x3'fd28
  0x2000'0858  0x2000'7fff    0x77a8


*******************************************************************************
*** INIT TABLE
***

          Address      Size
          -------      ----
Zero (__iar_zero_init3)
    1 destination range, total size 0x58:
          0x2000'0000  0x58



*******************************************************************************
*** MODULE SUMMARY
***

    Module            ro code  ro data  rw data
    ------            -------  -------  -------
command line/config:
    -------------------------------------------
    Total:

C:\Users\Administrator\Desktop\Embeded\Projects\Phased_Array4\Debug\Obj: [1]
    main.o                312                80
    -------------------------------------------
    Total:                312                80

dl7M_tln.a: [2]
    exit.o                  4
    low_level_init.o        4
    no_free_heap0.o        72                 4
    xgetmemchunk.o         44                 4
    -------------------------------------------
    Total:                124                 8

m7M_tls.a: [3]
    fpinit_M.o             34
    -------------------------------------------
    Total:                 34

rt7M_tl.a: [4]
    cexit.o                10
    cmain.o                30
    cstartup_M.o           12
    data_init.o            40
    vector_table_M.o       66
    zero_init3.o           58
    -------------------------------------------
    Total:                216

shb_l.a: [5]
    exit.o                 20
    -------------------------------------------
    Total:                 20

    Gaps                    4        2
    Linker created                  16    2 048
-----------------------------------------------
    Grand Total:          710       18    2 136


*******************************************************************************
*** ENTRY LIST
***

Entry                       Address   Size  Type      Object
-----                       -------   ----  ----      ------
.iar.init_table$$Base         0x274          --   Gb  - Linker created -
.iar.init_table$$Limit        0x284          --   Gb  - Linker created -
?main                         0x285         Code  Gb  cmain.o [4]
CSTACK$$Base            0x2000'0058          --   Gb  - Linker created -
CSTACK$$Limit           0x2000'0458          --   Gb  - Linker created -
HEAP$$Base              0x2000'0458          --   Gb  - Linker created -
HEAP$$Limit             0x2000'0858          --   Gb  - Linker created -
Region$$Table$$Base           0x274          --   Gb  - Linker created -
Region$$Table$$Limit          0x284          --   Gb  - Linker created -
__cmain                       0x285         Code  Gb  cmain.o [4]
__data_GetMemChunk            0x1c1   0x2c  Code  Gb  xgetmemchunk.o [2]
__data_GetMemChunk::start
                        0x2000'0054    0x4  Data  Lc  xgetmemchunk.o [2]
__exit                        0x2b9   0x14  Code  Gb  exit.o [5]
__iar_data_init3              0x229   0x28  Code  Gb  data_init.o [4]
__iar_init_vfp                0x251         Code  Gb  fpinit_M.o [3]
__iar_program_start           0x2cd         Code  Gb  cstartup_M.o [4]
__iar_zero_init3              0x1ed   0x3a  Code  Gb  zero_init3.o [4]
__low_level_init              0x2a3    0x4  Code  Gb  low_level_init.o [2]
__no_free_malloc              0x179   0x44  Code  Gb  no_free_heap0.o [2]
__vector_table                  0x0         Data  Gb  vector_table_M.o [4]
_call_main                    0x291         Code  Gb  cmain.o [4]
_exit                         0x2ad         Code  Gb  cexit.o [4]
_main                         0x29f         Code  Gb  cmain.o [4]
exit                          0x2a7    0x4  Code  Gb  exit.o [2]
iterators               0x2000'0028   0x28  Data  Gb  main.o [1]
main                           0x41  0x138  Code  Gb  main.o [1]
phased_array            0x2000'0000   0x28  Data  Gb  main.o [1]
qs                      0x2000'0050    0x4  Data  Lc  no_free_heap0.o [2]


[1] = C:\Users\Administrator\Desktop\Embeded\Projects\Phased_Array4\Debug\Obj
[2] = dl7M_tln.a
[3] = m7M_tls.a
[4] = rt7M_tl.a
[5] = shb_l.a

    710 bytes of readonly  code memory
     18 bytes of readonly  data memory
  2 136 bytes of readwrite data memory

Errors: none
Warnings: none
